>> COCO-2014 multi-label tokenizer linear probing: dinov1_vitb16
   train/val=82081/40137 labeled images; classes=80; batch=1024; epochs=1
   loss=BCEWithLogits; LR grid/SGD/cosine/readout follow the ImageNet probe
   training augmentation follows each tokenizer's ImageNet linear-probe transform
   WebSSL and Pixio: non-affine BatchNorm; all other models: no BatchNorm
   output_root=/cache/ma-user/VTBenchLab/outputs/coco2014_multilabel_linear_probing
Could not import `tifffile`, TIFFImageDataDecoder will be disabled
/home/ma-user/miniconda3/envs/dino/lib/python3.10/site-packages/transformers/utils/hub.py:110: FutureWarning: Using `TRANSFORMERS_CACHE` is deprecated and will be removed in v5 of Transformers. Use `HF_HOME` instead.
  warnings.warn(
modelarts-job-370bef21-a30e-4505-8309-fc1c6a0498a9-worker-0:2242133:2242133 [0] NCCL INFO Bootstrap : Using eth0:172.16.1.54<0>
modelarts-job-370bef21-a30e-4505-8309-fc1c6a0498a9-worker-0:2242133:2242133 [0] NCCL INFO Plugin name set by env to libnccl-net-none.so
modelarts-job-370bef21-a30e-4505-8309-fc1c6a0498a9-worker-0:2242133:2242133 [0] NCCL INFO NET/Plugin : dlerror=libnccl-net-none.so: cannot open shared object file: No such file or directory No plugin found (libnccl-net-none.so), using internal implementation
modelarts-job-370bef21-a30e-4505-8309-fc1c6a0498a9-worker-0:2242133:2242133 [0] NCCL INFO cudaDriverVersion 12040
NCCL version 2.20.5+cuda12.4
modelarts-job-370bef21-a30e-4505-8309-fc1c6a0498a9-worker-0:2242133:2242351 [0] NCCL INFO NET/IB : Using [0]={[0] mlx5_0:1/RoCE, [1] mlx5_1:1/RoCE} [1]={[2] mlx5_2:1/RoCE, [3] mlx5_3:1/RoCE} [2]={[4] mlx5_4:1/RoCE, [5] mlx5_5:1/RoCE} [3]={[6] mlx5_6:1/RoCE, [7] mlx5_7:1/RoCE} [RO]; OOB eth0:172.16.1.54<0>
modelarts-job-370bef21-a30e-4505-8309-fc1c6a0498a9-worker-0:2242133:2242351 [0] NCCL INFO Using non-device net plugin version 0
modelarts-job-370bef21-a30e-4505-8309-fc1c6a0498a9-worker-0:2242133:2242351 [0] NCCL INFO Using network IB
modelarts-job-370bef21-a30e-4505-8309-fc1c6a0498a9-worker-0:2242133:2242351 [0] NCCL INFO comm 0x55943f0afdc0 rank 0 nranks 1 cudaDev 0 nvmlDev 0 busId 5e000 commId 0x381e2bee48d3fca4 - Init START
modelarts-job-370bef21-a30e-4505-8309-fc1c6a0498a9-worker-0:2242133:2242351 [0] NCCL INFO Setting affinity for GPU 0 to ffffffff,00000000,ffffffff
modelarts-job-370bef21-a30e-4505-8309-fc1c6a0498a9-worker-0:2242133:2242351 [0] NCCL INFO comm 0x55943f0afdc0 rank 0 nRanks 1 nNodes 1 localRanks 1 localRank 0 MNNVL 0
modelarts-job-370bef21-a30e-4505-8309-fc1c6a0498a9-worker-0:2242133:2242351 [0] NCCL INFO Channel 00/32 :    0
modelarts-job-370bef21-a30e-4505-8309-fc1c6a0498a9-worker-0:2242133:2242351 [0] NCCL INFO Channel 01/32 :    0
modelarts-job-370bef21-a30e-4505-8309-fc1c6a0498a9-worker-0:2242133:2242351 [0] NCCL INFO Channel 02/32 :    0
modelarts-job-370bef21-a30e-4505-8309-fc1c6a0498a9-worker-0:2242133:2242351 [0] NCCL INFO Channel 03/32 :    0
modelarts-job-370bef21-a30e-4505-8309-fc1c6a0498a9-worker-0:2242133:2242351 [0] NCCL INFO Channel 04/32 :    0
modelarts-job-370bef21-a30e-4505-8309-fc1c6a0498a9-worker-0:2242133:2242351 [0] NCCL INFO Channel 05/32 :    0
modelarts-job-370bef21-a30e-4505-8309-fc1c6a0498a9-worker-0:2242133:2242351 [0] NCCL INFO Channel 06/32 :    0
modelarts-job-370bef21-a30e-4505-8309-fc1c6a0498a9-worker-0:2242133:2242351 [0] NCCL INFO Channel 07/32 :    0
modelarts-job-370bef21-a30e-4505-8309-fc1c6a0498a9-worker-0:2242133:2242351 [0] NCCL INFO Channel 08/32 :    0
modelarts-job-370bef21-a30e-4505-8309-fc1c6a0498a9-worker-0:2242133:2242351 [0] NCCL INFO Channel 09/32 :    0
modelarts-job-370bef21-a30e-4505-8309-fc1c6a0498a9-worker-0:2242133:2242351 [0] NCCL INFO Channel 10/32 :    0
modelarts-job-370bef21-a30e-4505-8309-fc1c6a0498a9-worker-0:2242133:2242351 [0] NCCL INFO Channel 11/32 :    0
modelarts-job-370bef21-a30e-4505-8309-fc1c6a0498a9-worker-0:2242133:2242351 [0] NCCL INFO Channel 12/32 :    0
modelarts-job-370bef21-a30e-4505-8309-fc1c6a0498a9-worker-0:2242133:2242351 [0] NCCL INFO Channel 13/32 :    0
modelarts-job-370bef21-a30e-4505-8309-fc1c6a0498a9-worker-0:2242133:2242351 [0] NCCL INFO Channel 14/32 :    0
modelarts-job-370bef21-a30e-4505-8309-fc1c6a0498a9-worker-0:2242133:2242351 [0] NCCL INFO Channel 15/32 :    0
modelarts-job-370bef21-a30e-4505-8309-fc1c6a0498a9-worker-0:2242133:2242351 [0] NCCL INFO Channel 16/32 :    0
modelarts-job-370bef21-a30e-4505-8309-fc1c6a0498a9-worker-0:2242133:2242351 [0] NCCL INFO Channel 17/32 :    0
modelarts-job-370bef21-a30e-4505-8309-fc1c6a0498a9-worker-0:2242133:2242351 [0] NCCL INFO Channel 18/32 :    0
modelarts-job-370bef21-a30e-4505-8309-fc1c6a0498a9-worker-0:2242133:2242351 [0] NCCL INFO Channel 19/32 :    0
modelarts-job-370bef21-a30e-4505-8309-fc1c6a0498a9-worker-0:2242133:2242351 [0] NCCL INFO Channel 20/32 :    0
modelarts-job-370bef21-a30e-4505-8309-fc1c6a0498a9-worker-0:2242133:2242351 [0] NCCL INFO Channel 21/32 :    0
modelarts-job-370bef21-a30e-4505-8309-fc1c6a0498a9-worker-0:2242133:2242351 [0] NCCL INFO Channel 22/32 :    0
modelarts-job-370bef21-a30e-4505-8309-fc1c6a0498a9-worker-0:2242133:2242351 [0] NCCL INFO Channel 23/32 :    0
modelarts-job-370bef21-a30e-4505-8309-fc1c6a0498a9-worker-0:2242133:2242351 [0] NCCL INFO Channel 24/32 :    0
modelarts-job-370bef21-a30e-4505-8309-fc1c6a0498a9-worker-0:2242133:2242351 [0] NCCL INFO Channel 25/32 :    0
modelarts-job-370bef21-a30e-4505-8309-fc1c6a0498a9-worker-0:2242133:2242351 [0] NCCL INFO Channel 26/32 :    0
modelarts-job-370bef21-a30e-4505-8309-fc1c6a0498a9-worker-0:2242133:2242351 [0] NCCL INFO Channel 27/32 :    0
modelarts-job-370bef21-a30e-4505-8309-fc1c6a0498a9-worker-0:2242133:2242351 [0] NCCL INFO Channel 28/32 :    0
modelarts-job-370bef21-a30e-4505-8309-fc1c6a0498a9-worker-0:2242133:2242351 [0] NCCL INFO Channel 29/32 :    0
modelarts-job-370bef21-a30e-4505-8309-fc1c6a0498a9-worker-0:2242133:2242351 [0] NCCL INFO Channel 30/32 :    0
modelarts-job-370bef21-a30e-4505-8309-fc1c6a0498a9-worker-0:2242133:2242351 [0] NCCL INFO Channel 31/32 :    0
modelarts-job-370bef21-a30e-4505-8309-fc1c6a0498a9-worker-0:2242133:2242351 [0] NCCL INFO Trees [0] -1/-1/-1->0->-1 [1] -1/-1/-1->0->-1 [2] -1/-1/-1->0->-1 [3] -1/-1/-1->0->-1 [4] -1/-1/-1->0->-1 [5] -1/-1/-1->0->-1 [6] -1/-1/-1->0->-1 [7] -1/-1/-1->0->-1 [8] -1/-1/-1->0->-1 [9] -1/-1/-1->0->-1 [10] -1/-1/-1->0->-1 [11] -1/-1/-1->0->-1 [12] -1/-1/-1->0->-1 [13] -1/-1/-1->0->-1 [14] -1/-1/-1->0->-1 [15] -1/-1/-1->0->-1 [16] -1/-1/-1->0->-1 [17] -1/-1/-1->0->-1 [18] -1/-1/-1->0->-1 [19] -1/-1/-1->0->-1 [20] -1/-1/-1->0->-1 [21] -1/-1/-1->0->-1 [22] -1/-1/-1->0->-1 [23] -1/-1/-1->0->-1 [24] -1/-1/-1->0->-1 [25] -1/-1/-1->0->-1 [26] -1/-1/-1->0->-1 [27] -1/-1/-1->0->-1 [28] -1/-1/-1->0->-1 [29] -1/-1/-1->0->-1 [30] -1/-1/-1->0->-1 [31] -1/-1/-1->0->-1
modelarts-job-370bef21-a30e-4505-8309-fc1c6a0498a9-worker-0:2242133:2242351 [0] NCCL INFO P2P Chunksize set to 131072
modelarts-job-370bef21-a30e-4505-8309-fc1c6a0498a9-worker-0:2242133:2242351 [0] NCCL INFO Connected all rings
modelarts-job-370bef21-a30e-4505-8309-fc1c6a0498a9-worker-0:2242133:2242351 [0] NCCL INFO Connected all trees
modelarts-job-370bef21-a30e-4505-8309-fc1c6a0498a9-worker-0:2242133:2242351 [0] NCCL INFO 32 coll channels, 0 collnet channels, 0 nvls channels, 32 p2p channels, 32 p2p channels per peer
modelarts-job-370bef21-a30e-4505-8309-fc1c6a0498a9-worker-0:2242133:2242351 [0] NCCL INFO comm 0x55943f0afdc0 rank 0 nranks 1 cudaDev 0 nvmlDev 0 busId 5e000 commId 0x381e2bee48d3fca4 - Init COMPLETE
Using a slow image processor as `use_fast` is unset and a slow processor was saved with this model. `use_fast=True` will be the default behavior in v4.52, even if the model was saved with a slow processor. This will result in minor differences in outputs. You'll still be able to use a slow processor with `use_fast=False`.
I20260903 11:41:52 2242133 dinov2 coco_multilabel_probe.py:494] Protocol: {"backbone_precision": "bfloat16 weights and autocast", "base_learning_rates": [0.0001, 0.0002, 0.0005, 0.001, 0.002, 0.005, 0.01, 0.02, 0.05, 0.1, 0.2, 0.3, 0.5], "bias": true, "category_order": "ascending official COCO category_id", "checkpoint_paths": ["/cache/ma-user/VTBenchLab/TokBench/tokenizer_modelzoo/continuous/dino-vitb16/pytorch_model.bin", "/cache/ma-user/VTBenchLab/TokBench/tokenizer_modelzoo/continuous/dino-vitb16/config.json", "/cache/ma-user/VTBenchLab/TokBench/tokenizer_modelzoo/continuous/dino-vitb16/preprocessor_config.json"], "cuda_matmul_tf32": true, "cudnn_tf32": true, "dataset": "MS COCO 2014 multi-label classification", "dataset_root": "/cache/ma-user/VTBenchLab/data/gvt/raw/coco", "effective_learning_rates": [0.0004, 0.0008, 0.002, 0.004, 0.008, 0.02, 0.04, 0.08, 0.2, 0.4, 0.8, 1.2, 2.0], "epoch_length_updates": 81, "epoch_semantics": "ceil(train_samples/global_batch_size) shuffled infinite-sampler batches", "epochs": 1, "eval_period_updates": 81, "feature_extraction_microbatch_size": 32, "feature_microbatch_semantics": "frozen backbone only; concatenate one FP32 [global_batch,D] tensor before heads", "feature_normalization": false, "fingerprint": "15a9f1464e821ed3f0cd19c8392eee47752c793c0660e90fc1851dd14b542864", "global_batch_size": 1024, "gradient_accumulation_steps": 1, "head_bias_init": 0.0, "head_weight_init": "normal(mean=0,std=0.01)", "include_images_without_instance_labels": false, "linear_head_precision": "float32", "loss": "BCEWithLogits; sum over 80 classes then mean over batch", "lr_scaling": "effective_lr = base_lr * global_batch_size / 256", "lr_schedule": "cosine_to_zero", "max_updates": 81, "model": "dinov1_vitb16", "momentum": 0.9, "multi_block_search": false, "num_classes": 80, "optimizer": "SGD", "readout_search": false, "reported_metric_units": "percentage points", "representation": "concat(final normalized CLS, mean(final normalized patch tokens)); excludes 0 register token(s)", "seed": 0, "single_gpu": true, "train_augmentation": "enabled; use the tokenizer's bundle.train_transform exactly as in the ImageNet linear probe", "train_samples": 82081, "train_split": "train2014", "transform": "train=RandomResizedCrop(224)+HorizontalFlip(0.5), eval=Resize(224)+CenterCrop(224), mean=(0.485, 0.456, 0.406), std=(0.229, 0.224, 0.225)", "validation_batch_size": 1024, "validation_head_selection": "highest macro class-wise average precision (mAP)", "validation_note": "val2014 is used both for LR-head selection and reporting, matching the ImageNet linear-probe train/val surface; no independent COCO test labels are available", "validation_samples": 40137, "validation_split": "val2014", "validation_transform": "deterministic bundle.eval_transform", "version": "tokenizer_linear_probe_coco2014_multilabel_v1", "warmup_updates": 0, "weight_decay": 0.0}
I20260903 11:41:52 2242133 dinov2 coco_multilabel_probe.py:495] Feature dimension=1536; heads=13; BatchNorm=False
I20260903 11:41:52 2242133 fvcore.common.checkpoint checkpoint.py:148] No checkpoint found. Initializing model from scratch
I20260903 11:41:52 2242133 dinov2 loaders.py:159] sampler: distributed
I20260903 11:41:52 2242133 dinov2 loaders.py:218] using PyTorch data loader
I20260903 11:41:52 2242133 dinov2 loaders.py:231] # of batches: 40
I20260903 11:41:52 2242133 dinov2 loaders.py:134] sampler: sharded infinite
I20260903 11:41:52 2242133 dinov2 loaders.py:218] using PyTorch data loader
I20260903 11:41:52 2242133 dinov2 loaders.py:233] infinite data loader
I20260903 11:41:52 2242133 dinov2 coco_multilabel_probe.py:582] Starting COCO multi-label dinov1_vitb16 from update 0/81; stop epoch=1; updates/epoch=81; batch=1024; feature microbatch=32
I20260903 11:42:02 2242133 dinov2 helpers.py:102] Training  [ 0/81]  eta: 0:11:43  loss: 781.8914 (781.8914)  lr: 0.0004 (0.0004)  time: 8.680032  data: 8.163590  max mem: 367
I20260903 11:42:13 2242133 dinov2 helpers.py:102] Training  [10/81]  eta: 0:02:08  loss: 781.8914 (9139.2494)  lr: 0.0004 (0.0004)  time: 1.803065  data: 1.391763  max mem: 387
I20260903 11:42:30 2242133 dinov2 helpers.py:102] Training  [20/81]  eta: 0:01:48  loss: 8641.6094 (8973.3694)  lr: 0.0004 (0.0004)  time: 1.427275  data: 1.027021  max mem: 387
I20260903 11:42:43 2242133 dinov2 helpers.py:102] Training  [30/81]  eta: 0:01:22  loss: 5572.4824 (8123.1476)  lr: 0.0003 (0.0003)  time: 1.506836  data: 1.107380  max mem: 387
I20260903 11:43:00 2242133 dinov2 helpers.py:102] Training  [40/81]  eta: 0:01:06  loss: 5572.4824 (7336.0542)  lr: 0.0003 (0.0003)  time: 1.487019  data: 1.087314  max mem: 387
I20260903 11:43:13 2242133 dinov2 helpers.py:102] Training  [50/81]  eta: 0:00:48  loss: 4187.6807 (6634.4373)  lr: 0.0003 (0.0003)  time: 1.482802  data: 1.082610  max mem: 387
I20260903 11:43:30 2242133 dinov2 helpers.py:102] Training  [60/81]  eta: 0:00:33  loss: 4187.6807 (6088.4605)  lr: 0.0003 (0.0003)  time: 1.477325  data: 1.078134  max mem: 387
I20260903 11:43:42 2242133 dinov2 helpers.py:102] Training  [70/81]  eta: 0:00:16  loss: 3126.3525 (5688.7206)  lr: 0.0002 (0.0002)  time: 1.468397  data: 1.069055  max mem: 387
I20260903 11:43:59 2242133 fvcore.common.checkpoint checkpoint.py:124] Saving checkpoint to /cache/ma-user/VTBenchLab/outputs/coco2014_multilabel_linear_probing/dinov1_vitb16/model_final.pth
I20260903 11:43:59 2242133 dinov2 helpers.py:102] Training  [80/81]  eta: 0:00:01  loss: 3126.3525 (5355.3199)  lr: 0.0002 (0.0002)  time: 1.446812  data: 1.045264  max mem: 387
I20260903 11:43:59 2242133 dinov2 helpers.py:130] Training Total time: 0:02:05 (1.548834 s / it)
I20260903 11:45:33 2242133 dinov2 coco_multilabel_probe.py:309] Validation at update 81: best={'name': 'classifier_fixed_readout_lr_0_04', 'mAP': 61.59641677039418, 'micro_AP': 69.68025834399458, 'OF1': 65.48900420720135, 'base_lr': 0.01, 'configured_lr': 0.01, 'effective_lr': 0.04, 'lr_boundary': 'interior', 'readout': 'fixed_preselected_representation'}
I20260903 11:45:33 2242133 dinov2 coco_multilabel_probe.py:647] COCO multi-label dinov1_vitb16 reached epoch 1/1 (update 81)
