>> COCO-2014 multi-label tokenizer linear probing: siglip2_sm16_512
   train/val=82081/40137 labeled images; classes=80; batch=1024; epochs=1
   loss=BCEWithLogits; LR grid/SGD/cosine/readout follow the ImageNet probe
   training augmentation follows each tokenizer's ImageNet linear-probe transform
   WebSSL and Pixio: non-affine BatchNorm; all other models: no BatchNorm
   output_root=/cache/ma-user/VTBenchLab/outputs/coco2014_multilabel_linear_probing
Could not import `tifffile`, TIFFImageDataDecoder will be disabled
/home/ma-user/miniconda3/envs/dino/lib/python3.10/site-packages/transformers/utils/hub.py:110: FutureWarning: Using `TRANSFORMERS_CACHE` is deprecated and will be removed in v5 of Transformers. Use `HF_HOME` instead.
  warnings.warn(
modelarts-job-370bef21-a30e-4505-8309-fc1c6a0498a9-worker-0:3127023:3127023 [0] NCCL INFO Bootstrap : Using eth0:172.16.1.54<0>
modelarts-job-370bef21-a30e-4505-8309-fc1c6a0498a9-worker-0:3127023:3127023 [0] NCCL INFO Plugin name set by env to libnccl-net-none.so
modelarts-job-370bef21-a30e-4505-8309-fc1c6a0498a9-worker-0:3127023:3127023 [0] NCCL INFO NET/Plugin : dlerror=libnccl-net-none.so: cannot open shared object file: No such file or directory No plugin found (libnccl-net-none.so), using internal implementation
modelarts-job-370bef21-a30e-4505-8309-fc1c6a0498a9-worker-0:3127023:3127023 [0] NCCL INFO cudaDriverVersion 12040
NCCL version 2.20.5+cuda12.4
modelarts-job-370bef21-a30e-4505-8309-fc1c6a0498a9-worker-0:3127023:3127214 [0] NCCL INFO NET/IB : Using [0]={[0] mlx5_0:1/RoCE, [1] mlx5_1:1/RoCE} [1]={[2] mlx5_2:1/RoCE, [3] mlx5_3:1/RoCE} [2]={[4] mlx5_4:1/RoCE, [5] mlx5_5:1/RoCE} [3]={[6] mlx5_6:1/RoCE, [7] mlx5_7:1/RoCE} [RO]; OOB eth0:172.16.1.54<0>
modelarts-job-370bef21-a30e-4505-8309-fc1c6a0498a9-worker-0:3127023:3127214 [0] NCCL INFO Using non-device net plugin version 0
modelarts-job-370bef21-a30e-4505-8309-fc1c6a0498a9-worker-0:3127023:3127214 [0] NCCL INFO Using network IB
modelarts-job-370bef21-a30e-4505-8309-fc1c6a0498a9-worker-0:3127023:3127214 [0] NCCL INFO comm 0x55d2c358cb60 rank 0 nranks 1 cudaDev 0 nvmlDev 0 busId 5e000 commId 0xb4a3c77c2c17184d - Init START
modelarts-job-370bef21-a30e-4505-8309-fc1c6a0498a9-worker-0:3127023:3127214 [0] NCCL INFO Setting affinity for GPU 0 to ffffffff,00000000,ffffffff
modelarts-job-370bef21-a30e-4505-8309-fc1c6a0498a9-worker-0:3127023:3127214 [0] NCCL INFO comm 0x55d2c358cb60 rank 0 nRanks 1 nNodes 1 localRanks 1 localRank 0 MNNVL 0
modelarts-job-370bef21-a30e-4505-8309-fc1c6a0498a9-worker-0:3127023:3127214 [0] NCCL INFO Channel 00/32 :    0
modelarts-job-370bef21-a30e-4505-8309-fc1c6a0498a9-worker-0:3127023:3127214 [0] NCCL INFO Channel 01/32 :    0
modelarts-job-370bef21-a30e-4505-8309-fc1c6a0498a9-worker-0:3127023:3127214 [0] NCCL INFO Channel 02/32 :    0
modelarts-job-370bef21-a30e-4505-8309-fc1c6a0498a9-worker-0:3127023:3127214 [0] NCCL INFO Channel 03/32 :    0
modelarts-job-370bef21-a30e-4505-8309-fc1c6a0498a9-worker-0:3127023:3127214 [0] NCCL INFO Channel 04/32 :    0
modelarts-job-370bef21-a30e-4505-8309-fc1c6a0498a9-worker-0:3127023:3127214 [0] NCCL INFO Channel 05/32 :    0
modelarts-job-370bef21-a30e-4505-8309-fc1c6a0498a9-worker-0:3127023:3127214 [0] NCCL INFO Channel 06/32 :    0
modelarts-job-370bef21-a30e-4505-8309-fc1c6a0498a9-worker-0:3127023:3127214 [0] NCCL INFO Channel 07/32 :    0
modelarts-job-370bef21-a30e-4505-8309-fc1c6a0498a9-worker-0:3127023:3127214 [0] NCCL INFO Channel 08/32 :    0
modelarts-job-370bef21-a30e-4505-8309-fc1c6a0498a9-worker-0:3127023:3127214 [0] NCCL INFO Channel 09/32 :    0
modelarts-job-370bef21-a30e-4505-8309-fc1c6a0498a9-worker-0:3127023:3127214 [0] NCCL INFO Channel 10/32 :    0
modelarts-job-370bef21-a30e-4505-8309-fc1c6a0498a9-worker-0:3127023:3127214 [0] NCCL INFO Channel 11/32 :    0
modelarts-job-370bef21-a30e-4505-8309-fc1c6a0498a9-worker-0:3127023:3127214 [0] NCCL INFO Channel 12/32 :    0
modelarts-job-370bef21-a30e-4505-8309-fc1c6a0498a9-worker-0:3127023:3127214 [0] NCCL INFO Channel 13/32 :    0
modelarts-job-370bef21-a30e-4505-8309-fc1c6a0498a9-worker-0:3127023:3127214 [0] NCCL INFO Channel 14/32 :    0
modelarts-job-370bef21-a30e-4505-8309-fc1c6a0498a9-worker-0:3127023:3127214 [0] NCCL INFO Channel 15/32 :    0
modelarts-job-370bef21-a30e-4505-8309-fc1c6a0498a9-worker-0:3127023:3127214 [0] NCCL INFO Channel 16/32 :    0
modelarts-job-370bef21-a30e-4505-8309-fc1c6a0498a9-worker-0:3127023:3127214 [0] NCCL INFO Channel 17/32 :    0
modelarts-job-370bef21-a30e-4505-8309-fc1c6a0498a9-worker-0:3127023:3127214 [0] NCCL INFO Channel 18/32 :    0
modelarts-job-370bef21-a30e-4505-8309-fc1c6a0498a9-worker-0:3127023:3127214 [0] NCCL INFO Channel 19/32 :    0
modelarts-job-370bef21-a30e-4505-8309-fc1c6a0498a9-worker-0:3127023:3127214 [0] NCCL INFO Channel 20/32 :    0
modelarts-job-370bef21-a30e-4505-8309-fc1c6a0498a9-worker-0:3127023:3127214 [0] NCCL INFO Channel 21/32 :    0
modelarts-job-370bef21-a30e-4505-8309-fc1c6a0498a9-worker-0:3127023:3127214 [0] NCCL INFO Channel 22/32 :    0
modelarts-job-370bef21-a30e-4505-8309-fc1c6a0498a9-worker-0:3127023:3127214 [0] NCCL INFO Channel 23/32 :    0
modelarts-job-370bef21-a30e-4505-8309-fc1c6a0498a9-worker-0:3127023:3127214 [0] NCCL INFO Channel 24/32 :    0
modelarts-job-370bef21-a30e-4505-8309-fc1c6a0498a9-worker-0:3127023:3127214 [0] NCCL INFO Channel 25/32 :    0
modelarts-job-370bef21-a30e-4505-8309-fc1c6a0498a9-worker-0:3127023:3127214 [0] NCCL INFO Channel 26/32 :    0
modelarts-job-370bef21-a30e-4505-8309-fc1c6a0498a9-worker-0:3127023:3127214 [0] NCCL INFO Channel 27/32 :    0
modelarts-job-370bef21-a30e-4505-8309-fc1c6a0498a9-worker-0:3127023:3127214 [0] NCCL INFO Channel 28/32 :    0
modelarts-job-370bef21-a30e-4505-8309-fc1c6a0498a9-worker-0:3127023:3127214 [0] NCCL INFO Channel 29/32 :    0
modelarts-job-370bef21-a30e-4505-8309-fc1c6a0498a9-worker-0:3127023:3127214 [0] NCCL INFO Channel 30/32 :    0
modelarts-job-370bef21-a30e-4505-8309-fc1c6a0498a9-worker-0:3127023:3127214 [0] NCCL INFO Channel 31/32 :    0
modelarts-job-370bef21-a30e-4505-8309-fc1c6a0498a9-worker-0:3127023:3127214 [0] NCCL INFO Trees [0] -1/-1/-1->0->-1 [1] -1/-1/-1->0->-1 [2] -1/-1/-1->0->-1 [3] -1/-1/-1->0->-1 [4] -1/-1/-1->0->-1 [5] -1/-1/-1->0->-1 [6] -1/-1/-1->0->-1 [7] -1/-1/-1->0->-1 [8] -1/-1/-1->0->-1 [9] -1/-1/-1->0->-1 [10] -1/-1/-1->0->-1 [11] -1/-1/-1->0->-1 [12] -1/-1/-1->0->-1 [13] -1/-1/-1->0->-1 [14] -1/-1/-1->0->-1 [15] -1/-1/-1->0->-1 [16] -1/-1/-1->0->-1 [17] -1/-1/-1->0->-1 [18] -1/-1/-1->0->-1 [19] -1/-1/-1->0->-1 [20] -1/-1/-1->0->-1 [21] -1/-1/-1->0->-1 [22] -1/-1/-1->0->-1 [23] -1/-1/-1->0->-1 [24] -1/-1/-1->0->-1 [25] -1/-1/-1->0->-1 [26] -1/-1/-1->0->-1 [27] -1/-1/-1->0->-1 [28] -1/-1/-1->0->-1 [29] -1/-1/-1->0->-1 [30] -1/-1/-1->0->-1 [31] -1/-1/-1->0->-1
modelarts-job-370bef21-a30e-4505-8309-fc1c6a0498a9-worker-0:3127023:3127214 [0] NCCL INFO P2P Chunksize set to 131072
modelarts-job-370bef21-a30e-4505-8309-fc1c6a0498a9-worker-0:3127023:3127214 [0] NCCL INFO Connected all rings
modelarts-job-370bef21-a30e-4505-8309-fc1c6a0498a9-worker-0:3127023:3127214 [0] NCCL INFO Connected all trees
modelarts-job-370bef21-a30e-4505-8309-fc1c6a0498a9-worker-0:3127023:3127214 [0] NCCL INFO 32 coll channels, 0 collnet channels, 0 nvls channels, 32 p2p channels, 32 p2p channels per peer
modelarts-job-370bef21-a30e-4505-8309-fc1c6a0498a9-worker-0:3127023:3127214 [0] NCCL INFO comm 0x55d2c358cb60 rank 0 nranks 1 cudaDev 0 nvmlDev 0 busId 5e000 commId 0xb4a3c77c2c17184d - Init COMPLETE
I20260904 05:52:46 3127023 timm.models._helpers _helpers.py:129] Loaded  from checkpoint '/cache/ma-user/VTBenchLab/TokBench/tokenizer_modelzoo/continuous/siglip2_sm16_512/model.safetensors'
I20260904 05:53:04 3127023 dinov2 coco_multilabel_probe.py:494] Protocol: {"backbone_precision": "float32", "base_learning_rates": [0.0001, 0.0002, 0.0005, 0.001, 0.002, 0.005, 0.01, 0.02, 0.05, 0.1, 0.2, 0.3, 0.5], "bias": true, "category_order": "ascending official COCO category_id", "checkpoint_paths": ["/cache/ma-user/VTBenchLab/TokBench/tokenizer_modelzoo/continuous/siglip2_sm16_512/model.safetensors", "/cache/ma-user/VTBenchLab/TokBench/tokenizer_modelzoo/continuous/siglip2_sm16_512/config.json"], "cuda_matmul_tf32": true, "cudnn_tf32": true, "dataset": "MS COCO 2014 multi-label classification", "dataset_root": "/cache/ma-user/VTBenchLab/data/gvt/raw/coco", "effective_learning_rates": [0.0004, 0.0008, 0.002, 0.004, 0.008, 0.02, 0.04, 0.08, 0.2, 0.4, 0.8, 1.2, 2.0], "epoch_length_updates": 81, "epoch_semantics": "ceil(train_samples/global_batch_size) shuffled infinite-sampler batches", "epochs": 1, "eval_period_updates": 81, "feature_extraction_microbatch_size": 1024, "feature_microbatch_semantics": "frozen backbone only; concatenate one FP32 [global_batch,D] tensor before heads", "feature_normalization": false, "fingerprint": "e7b0b6e0592397316a55d3302f07193ba45c548d8fa6e9c1df6dc413ada38955", "global_batch_size": 1024, "gradient_accumulation_steps": 1, "head_bias_init": 0.0, "head_weight_init": "normal(mean=0,std=0.01)", "include_images_without_instance_labels": false, "linear_head_precision": "float32", "loss": "BCEWithLogits; sum over 80 classes then mean over batch", "lr_scaling": "effective_lr = base_lr * global_batch_size / 256", "lr_schedule": "cosine_to_zero", "max_updates": 81, "model": "siglip2_sm16_512", "momentum": 0.9, "multi_block_search": false, "num_classes": 80, "optimizer": "SGD", "readout_search": false, "reported_metric_units": "percentage points", "representation": "native SigLIP 2 model(images) [B,D] output after MAP attention pooling", "seed": 0, "single_gpu": true, "train_augmentation": "enabled; use the tokenizer's bundle.train_transform exactly as in the ImageNet linear probe", "train_samples": 82081, "train_split": "train2014", "transform": "train=RandomResizedCrop(512)+HorizontalFlip(0.5), eval=timm deterministic native transform, mean=(0.5, 0.5, 0.5), std=(0.5, 0.5, 0.5), no ColorJitter", "validation_batch_size": 1024, "validation_head_selection": "highest macro class-wise average precision (mAP)", "validation_note": "val2014 is used both for LR-head selection and reporting, matching the ImageNet linear-probe train/val surface; no independent COCO test labels are available", "validation_samples": 40137, "validation_split": "val2014", "validation_transform": "deterministic bundle.eval_transform", "version": "tokenizer_linear_probe_coco2014_multilabel_v1", "warmup_updates": 0, "weight_decay": 0.0}
I20260904 05:53:04 3127023 dinov2 coco_multilabel_probe.py:495] Feature dimension=1152; heads=13; BatchNorm=False
I20260904 05:53:04 3127023 fvcore.common.checkpoint checkpoint.py:148] No checkpoint found. Initializing model from scratch
I20260904 05:53:04 3127023 dinov2 loaders.py:159] sampler: distributed
I20260904 05:53:04 3127023 dinov2 loaders.py:218] using PyTorch data loader
I20260904 05:53:04 3127023 dinov2 loaders.py:231] # of batches: 40
I20260904 05:53:04 3127023 dinov2 loaders.py:134] sampler: sharded infinite
I20260904 05:53:04 3127023 dinov2 loaders.py:218] using PyTorch data loader
I20260904 05:53:04 3127023 dinov2 loaders.py:233] infinite data loader
I20260904 05:53:04 3127023 dinov2 coco_multilabel_probe.py:582] Starting COCO multi-label siglip2_sm16_512 from update 0/81; stop epoch=1; updates/epoch=81; batch=1024; feature microbatch=1024
I20260904 05:53:47 3127023 dinov2 helpers.py:102] Training  [ 0/81]  eta: 0:56:13  loss: 722.7919 (722.7919)  lr: 0.0004 (0.0004)  time: 41.651161  data: 22.255592  max mem: 57609
I20260904 05:56:48 3127023 dinov2 helpers.py:102] Training  [10/81]  eta: 0:23:58  loss: 722.7919 (1711.4865)  lr: 0.0004 (0.0004)  time: 20.266254  data: 2.025444  max mem: 57626
I20260904 05:59:49 3127023 dinov2 helpers.py:102] Training  [20/81]  eta: 0:19:34  loss: 1322.1781 (1581.7170)  lr: 0.0004 (0.0004)  time: 18.127596  data: 0.002382  max mem: 57626
I20260904 06:02:50 3127023 dinov2 helpers.py:102] Training  [30/81]  eta: 0:16:03  loss: 722.7919 (1346.1824)  lr: 0.0003 (0.0003)  time: 18.122202  data: 0.002256  max mem: 57626
I20260904 06:05:51 3127023 dinov2 helpers.py:102] Training  [40/81]  eta: 0:12:46  loss: 722.7919 (1159.7977)  lr: 0.0003 (0.0003)  time: 18.117268  data: 0.002128  max mem: 57626
I20260904 06:08:53 3127023 dinov2 helpers.py:102] Training  [50/81]  eta: 0:09:36  loss: 639.5787 (1012.8724)  lr: 0.0003 (0.0003)  time: 18.119507  data: 0.002069  max mem: 57626
I20260904 06:11:54 3127023 dinov2 helpers.py:102] Training  [60/81]  eta: 0:06:28  loss: 639.5787 (901.8000)  lr: 0.0003 (0.0003)  time: 18.118725  data: 0.002067  max mem: 57626
I20260904 06:14:55 3127023 dinov2 helpers.py:102] Training  [70/81]  eta: 0:03:22  loss: 414.2585 (820.3675)  lr: 0.0002 (0.0002)  time: 18.122015  data: 0.002086  max mem: 57626
I20260904 06:17:56 3127023 fvcore.common.checkpoint checkpoint.py:124] Saving checkpoint to /cache/ma-user/VTBenchLab/outputs/coco2014_multilabel_linear_probing/siglip2_sm16_512/model_final.pth
I20260904 06:17:56 3127023 dinov2 helpers.py:102] Training  [80/81]  eta: 0:00:18  loss: 414.2585 (756.0516)  lr: 0.0002 (0.0002)  time: 18.129047  data: 0.033329  max mem: 57626
I20260904 06:17:56 3127023 dinov2 helpers.py:130] Training Total time: 0:24:51 (18.413763 s / it)
I20260904 06:30:21 3127023 dinov2 coco_multilabel_probe.py:309] Validation at update 81: best={'name': 'classifier_fixed_readout_lr_0_8', 'mAP': 72.67642684000344, 'micro_AP': 80.76310343529568, 'OF1': 73.03070029380893, 'base_lr': 0.2, 'configured_lr': 0.2, 'effective_lr': 0.8, 'lr_boundary': 'interior', 'readout': 'fixed_preselected_representation'}
I20260904 06:30:21 3127023 dinov2 coco_multilabel_probe.py:647] COCO multi-label siglip2_sm16_512 reached epoch 1/1 (update 81)
