>> COCO-2014 multi-label tokenizer linear probing: unitok
   train/val=82081/40137 labeled images; classes=80; batch=1024; epochs=1
   loss=BCEWithLogits; LR grid/SGD/cosine/readout follow the ImageNet probe
   training augmentation follows each tokenizer's ImageNet linear-probe transform
   WebSSL and Pixio: non-affine BatchNorm; all other models: no BatchNorm
   output_root=/cache/ma-user/VTBenchLab/outputs/coco2014_multilabel_linear_probing
Could not import `tifffile`, TIFFImageDataDecoder will be disabled
/home/ma-user/miniconda3/envs/dino/lib/python3.10/site-packages/transformers/utils/hub.py:110: FutureWarning: Using `TRANSFORMERS_CACHE` is deprecated and will be removed in v5 of Transformers. Use `HF_HOME` instead.
  warnings.warn(
modelarts-job-370bef21-a30e-4505-8309-fc1c6a0498a9-worker-0:107186:107186 [0] NCCL INFO Bootstrap : Using eth0:172.16.1.54<0>
modelarts-job-370bef21-a30e-4505-8309-fc1c6a0498a9-worker-0:107186:107186 [0] NCCL INFO Plugin name set by env to libnccl-net-none.so
modelarts-job-370bef21-a30e-4505-8309-fc1c6a0498a9-worker-0:107186:107186 [0] NCCL INFO NET/Plugin : dlerror=libnccl-net-none.so: cannot open shared object file: No such file or directory No plugin found (libnccl-net-none.so), using internal implementation
modelarts-job-370bef21-a30e-4505-8309-fc1c6a0498a9-worker-0:107186:107186 [0] NCCL INFO cudaDriverVersion 12040
NCCL version 2.20.5+cuda12.4
modelarts-job-370bef21-a30e-4505-8309-fc1c6a0498a9-worker-0:107186:107383 [0] NCCL INFO NET/IB : Using [0]={[0] mlx5_0:1/RoCE, [1] mlx5_1:1/RoCE} [1]={[2] mlx5_2:1/RoCE, [3] mlx5_3:1/RoCE} [2]={[4] mlx5_4:1/RoCE, [5] mlx5_5:1/RoCE} [3]={[6] mlx5_6:1/RoCE, [7] mlx5_7:1/RoCE} [RO]; OOB eth0:172.16.1.54<0>
modelarts-job-370bef21-a30e-4505-8309-fc1c6a0498a9-worker-0:107186:107383 [0] NCCL INFO Using non-device net plugin version 0
modelarts-job-370bef21-a30e-4505-8309-fc1c6a0498a9-worker-0:107186:107383 [0] NCCL INFO Using network IB
modelarts-job-370bef21-a30e-4505-8309-fc1c6a0498a9-worker-0:107186:107383 [0] NCCL INFO comm 0x55faf4c2f060 rank 0 nranks 1 cudaDev 0 nvmlDev 0 busId 5e000 commId 0xf1169125029ca345 - Init START
modelarts-job-370bef21-a30e-4505-8309-fc1c6a0498a9-worker-0:107186:107383 [0] NCCL INFO Setting affinity for GPU 0 to ffffffff,00000000,ffffffff
modelarts-job-370bef21-a30e-4505-8309-fc1c6a0498a9-worker-0:107186:107383 [0] NCCL INFO comm 0x55faf4c2f060 rank 0 nRanks 1 nNodes 1 localRanks 1 localRank 0 MNNVL 0
modelarts-job-370bef21-a30e-4505-8309-fc1c6a0498a9-worker-0:107186:107383 [0] NCCL INFO Channel 00/32 :    0
modelarts-job-370bef21-a30e-4505-8309-fc1c6a0498a9-worker-0:107186:107383 [0] NCCL INFO Channel 01/32 :    0
modelarts-job-370bef21-a30e-4505-8309-fc1c6a0498a9-worker-0:107186:107383 [0] NCCL INFO Channel 02/32 :    0
modelarts-job-370bef21-a30e-4505-8309-fc1c6a0498a9-worker-0:107186:107383 [0] NCCL INFO Channel 03/32 :    0
modelarts-job-370bef21-a30e-4505-8309-fc1c6a0498a9-worker-0:107186:107383 [0] NCCL INFO Channel 04/32 :    0
modelarts-job-370bef21-a30e-4505-8309-fc1c6a0498a9-worker-0:107186:107383 [0] NCCL INFO Channel 05/32 :    0
modelarts-job-370bef21-a30e-4505-8309-fc1c6a0498a9-worker-0:107186:107383 [0] NCCL INFO Channel 06/32 :    0
modelarts-job-370bef21-a30e-4505-8309-fc1c6a0498a9-worker-0:107186:107383 [0] NCCL INFO Channel 07/32 :    0
modelarts-job-370bef21-a30e-4505-8309-fc1c6a0498a9-worker-0:107186:107383 [0] NCCL INFO Channel 08/32 :    0
modelarts-job-370bef21-a30e-4505-8309-fc1c6a0498a9-worker-0:107186:107383 [0] NCCL INFO Channel 09/32 :    0
modelarts-job-370bef21-a30e-4505-8309-fc1c6a0498a9-worker-0:107186:107383 [0] NCCL INFO Channel 10/32 :    0
modelarts-job-370bef21-a30e-4505-8309-fc1c6a0498a9-worker-0:107186:107383 [0] NCCL INFO Channel 11/32 :    0
modelarts-job-370bef21-a30e-4505-8309-fc1c6a0498a9-worker-0:107186:107383 [0] NCCL INFO Channel 12/32 :    0
modelarts-job-370bef21-a30e-4505-8309-fc1c6a0498a9-worker-0:107186:107383 [0] NCCL INFO Channel 13/32 :    0
modelarts-job-370bef21-a30e-4505-8309-fc1c6a0498a9-worker-0:107186:107383 [0] NCCL INFO Channel 14/32 :    0
modelarts-job-370bef21-a30e-4505-8309-fc1c6a0498a9-worker-0:107186:107383 [0] NCCL INFO Channel 15/32 :    0
modelarts-job-370bef21-a30e-4505-8309-fc1c6a0498a9-worker-0:107186:107383 [0] NCCL INFO Channel 16/32 :    0
modelarts-job-370bef21-a30e-4505-8309-fc1c6a0498a9-worker-0:107186:107383 [0] NCCL INFO Channel 17/32 :    0
modelarts-job-370bef21-a30e-4505-8309-fc1c6a0498a9-worker-0:107186:107383 [0] NCCL INFO Channel 18/32 :    0
modelarts-job-370bef21-a30e-4505-8309-fc1c6a0498a9-worker-0:107186:107383 [0] NCCL INFO Channel 19/32 :    0
modelarts-job-370bef21-a30e-4505-8309-fc1c6a0498a9-worker-0:107186:107383 [0] NCCL INFO Channel 20/32 :    0
modelarts-job-370bef21-a30e-4505-8309-fc1c6a0498a9-worker-0:107186:107383 [0] NCCL INFO Channel 21/32 :    0
modelarts-job-370bef21-a30e-4505-8309-fc1c6a0498a9-worker-0:107186:107383 [0] NCCL INFO Channel 22/32 :    0
modelarts-job-370bef21-a30e-4505-8309-fc1c6a0498a9-worker-0:107186:107383 [0] NCCL INFO Channel 23/32 :    0
modelarts-job-370bef21-a30e-4505-8309-fc1c6a0498a9-worker-0:107186:107383 [0] NCCL INFO Channel 24/32 :    0
modelarts-job-370bef21-a30e-4505-8309-fc1c6a0498a9-worker-0:107186:107383 [0] NCCL INFO Channel 25/32 :    0
modelarts-job-370bef21-a30e-4505-8309-fc1c6a0498a9-worker-0:107186:107383 [0] NCCL INFO Channel 26/32 :    0
modelarts-job-370bef21-a30e-4505-8309-fc1c6a0498a9-worker-0:107186:107383 [0] NCCL INFO Channel 27/32 :    0
modelarts-job-370bef21-a30e-4505-8309-fc1c6a0498a9-worker-0:107186:107383 [0] NCCL INFO Channel 28/32 :    0
modelarts-job-370bef21-a30e-4505-8309-fc1c6a0498a9-worker-0:107186:107383 [0] NCCL INFO Channel 29/32 :    0
modelarts-job-370bef21-a30e-4505-8309-fc1c6a0498a9-worker-0:107186:107383 [0] NCCL INFO Channel 30/32 :    0
modelarts-job-370bef21-a30e-4505-8309-fc1c6a0498a9-worker-0:107186:107383 [0] NCCL INFO Channel 31/32 :    0
modelarts-job-370bef21-a30e-4505-8309-fc1c6a0498a9-worker-0:107186:107383 [0] NCCL INFO Trees [0] -1/-1/-1->0->-1 [1] -1/-1/-1->0->-1 [2] -1/-1/-1->0->-1 [3] -1/-1/-1->0->-1 [4] -1/-1/-1->0->-1 [5] -1/-1/-1->0->-1 [6] -1/-1/-1->0->-1 [7] -1/-1/-1->0->-1 [8] -1/-1/-1->0->-1 [9] -1/-1/-1->0->-1 [10] -1/-1/-1->0->-1 [11] -1/-1/-1->0->-1 [12] -1/-1/-1->0->-1 [13] -1/-1/-1->0->-1 [14] -1/-1/-1->0->-1 [15] -1/-1/-1->0->-1 [16] -1/-1/-1->0->-1 [17] -1/-1/-1->0->-1 [18] -1/-1/-1->0->-1 [19] -1/-1/-1->0->-1 [20] -1/-1/-1->0->-1 [21] -1/-1/-1->0->-1 [22] -1/-1/-1->0->-1 [23] -1/-1/-1->0->-1 [24] -1/-1/-1->0->-1 [25] -1/-1/-1->0->-1 [26] -1/-1/-1->0->-1 [27] -1/-1/-1->0->-1 [28] -1/-1/-1->0->-1 [29] -1/-1/-1->0->-1 [30] -1/-1/-1->0->-1 [31] -1/-1/-1->0->-1
modelarts-job-370bef21-a30e-4505-8309-fc1c6a0498a9-worker-0:107186:107383 [0] NCCL INFO P2P Chunksize set to 131072
modelarts-job-370bef21-a30e-4505-8309-fc1c6a0498a9-worker-0:107186:107383 [0] NCCL INFO Connected all rings
modelarts-job-370bef21-a30e-4505-8309-fc1c6a0498a9-worker-0:107186:107383 [0] NCCL INFO Connected all trees
modelarts-job-370bef21-a30e-4505-8309-fc1c6a0498a9-worker-0:107186:107383 [0] NCCL INFO 32 coll channels, 0 collnet channels, 0 nvls channels, 32 p2p channels, 32 p2p channels per peer
modelarts-job-370bef21-a30e-4505-8309-fc1c6a0498a9-worker-0:107186:107383 [0] NCCL INFO comm 0x55faf4c2f060 rank 0 nranks 1 cudaDev 0 nvmlDev 0 busId 5e000 commId 0xf1169125029ca345 - Init COMPLETE
W20260905 06:36:35 107186 py.warnings warnings.py:109] /home/ma-user/miniconda3/envs/dino/lib/python3.10/site-packages/timm/models/layers/__init__.py:49: FutureWarning: Importing from timm.models.layers is deprecated, please import via timm.layers
  warnings.warn(f"Importing from {__name__} is deprecated, please import via timm.layers", FutureWarning)

W20260905 06:36:36 107186 py.warnings warnings.py:109] /cache/ma-user/VTBenchLab/TokBench/tokenzier_vae_scripts/image_scripts/unitok_vae_rec.py:134: FutureWarning: You are using `torch.load` with `weights_only=False` (the current default value), which uses the default pickle module implicitly. It is possible to construct malicious pickle data which will execute arbitrary code during unpickling (See https://github.com/pytorch/pytorch/blob/main/SECURITY.md#untrusted-models for more details). In a future release, the default value for `weights_only` will be flipped to `True`. This limits the functions that could be executed during unpickling. Arbitrary objects will no longer be allowed to be loaded via this mode unless they are explicitly allowlisted by the user via `torch.serialization.add_safe_globals`. We recommend you start setting `weights_only=True` for any use case where you don't have full control of the loaded file. Please open an issue on GitHub for any issues related to this experimental feature.
  ckpt = torch.load(ckpt_path, map_location="cpu")

W20260905 06:36:41 107186 timm.models._builder _builder.py:371] No pretrained configuration specified for vitamin_large model. Using a default. Please add a config to the model pretrained_cfg registry or pass explicitly.
W20260905 06:36:47 107186 timm.models._builder _builder.py:371] No pretrained configuration specified for vitamin_large model. Using a default. Please add a config to the model pretrained_cfg registry or pass explicitly.
W20260905 06:37:10 107186 dinov2 linear_probe.py:540] Replacing the protocol from an incomplete pre-training attempt with feature microbatch 256
I20260905 06:37:10 107186 dinov2 coco_multilabel_probe.py:494] Protocol: {"backbone_precision": "float32", "base_learning_rates": [0.0001, 0.0002, 0.0005, 0.001, 0.002, 0.005, 0.01, 0.02, 0.05, 0.1, 0.2, 0.3, 0.5], "bias": true, "category_order": "ascending official COCO category_id", "checkpoint_paths": ["/cache/ma-user/VTBenchLab/TokBench/tokenizer_modelzoo/unitok_20250227/unitok_tokenizer.pth"], "cuda_matmul_tf32": true, "cudnn_tf32": true, "dataset": "MS COCO 2014 multi-label classification", "dataset_root": "/cache/ma-user/VTBenchLab/data/gvt/raw/coco", "effective_learning_rates": [0.0004, 0.0008, 0.002, 0.004, 0.008, 0.02, 0.04, 0.08, 0.2, 0.4, 0.8, 1.2, 2.0], "epoch_length_updates": 81, "epoch_semantics": "ceil(train_samples/global_batch_size) shuffled infinite-sampler batches", "epochs": 1, "eval_period_updates": 81, "feature_extraction_microbatch_size": 256, "feature_microbatch_semantics": "frozen backbone only; concatenate one FP32 [global_batch,D] tensor before heads", "feature_normalization": false, "fingerprint": "dd0c0e93d10b6c9451e5eb414feb9df9ba26b4cf15b1d85c8c6c1f8a036576ec", "global_batch_size": 1024, "gradient_accumulation_steps": 1, "head_bias_init": 0.0, "head_weight_init": "normal(mean=0,std=0.01)", "include_images_without_instance_labels": false, "linear_head_precision": "float32", "loss": "BCEWithLogits; sum over 80 classes then mean over batch", "lr_scaling": "effective_lr = base_lr * global_batch_size / 256", "lr_schedule": "cosine_to_zero", "max_updates": 81, "model": "unitok", "momentum": 0.9, "multi_block_search": false, "num_classes": 80, "optimizer": "SGD", "readout_search": false, "reported_metric_units": "percentage points", "representation": "quantize/dequantize -> post_quant_proj -> token mean -> fc_norm, before UniTok projection", "seed": 0, "single_gpu": true, "train_augmentation": "enabled; use the tokenizer's bundle.train_transform exactly as in the ImageNet linear probe", "train_samples": 82081, "train_split": "train2014", "transform": "train=RandomResizedCrop(256)+HorizontalFlip(0.5), eval=Resize(256)+CenterCrop(256), mean=(0.5, 0.5, 0.5), std=(0.5, 0.5, 0.5)", "validation_batch_size": 1024, "validation_head_selection": "highest macro class-wise average precision (mAP)", "validation_note": "val2014 is used both for LR-head selection and reporting, matching the ImageNet linear-probe train/val surface; no independent COCO test labels are available", "validation_samples": 40137, "validation_split": "val2014", "validation_transform": "deterministic bundle.eval_transform", "version": "tokenizer_linear_probe_coco2014_multilabel_v1", "warmup_updates": 0, "weight_decay": 0.0}
I20260905 06:37:10 107186 dinov2 coco_multilabel_probe.py:495] Feature dimension=1024; heads=13; BatchNorm=False
I20260905 06:37:10 107186 fvcore.common.checkpoint checkpoint.py:148] No checkpoint found. Initializing model from scratch
I20260905 06:37:10 107186 dinov2 loaders.py:159] sampler: distributed
I20260905 06:37:10 107186 dinov2 loaders.py:218] using PyTorch data loader
I20260905 06:37:10 107186 dinov2 loaders.py:231] # of batches: 40
I20260905 06:37:10 107186 dinov2 loaders.py:134] sampler: sharded infinite
I20260905 06:37:10 107186 dinov2 loaders.py:218] using PyTorch data loader
I20260905 06:37:10 107186 dinov2 loaders.py:233] infinite data loader
I20260905 06:37:10 107186 dinov2 coco_multilabel_probe.py:582] Starting COCO multi-label unitok from update 0/81; stop epoch=1; updates/epoch=81; batch=1024; feature microbatch=256
I20260905 06:37:24 107186 dinov2 helpers.py:102] Training  [ 0/81]  eta: 0:17:42  loss: 731.9937 (731.9937)  lr: 0.0004 (0.0004)  time: 13.115122  data: 9.259520  max mem: 27022
I20260905 06:38:01 107186 dinov2 helpers.py:102] Training  [10/81]  eta: 0:05:26  loss: 731.9937 (2732.4241)  lr: 0.0004 (0.0004)  time: 4.600150  data: 0.843831  max mem: 27038
I20260905 06:38:39 107186 dinov2 helpers.py:102] Training  [20/81]  eta: 0:04:16  loss: 2171.6406 (2545.4963)  lr: 0.0004 (0.0004)  time: 3.751774  data: 0.002207  max mem: 27038
I20260905 06:39:17 107186 dinov2 helpers.py:102] Training  [30/81]  eta: 0:03:26  loss: 1167.9617 (2201.1126)  lr: 0.0003 (0.0003)  time: 3.755507  data: 0.002075  max mem: 27038
I20260905 06:39:54 107186 dinov2 helpers.py:102] Training  [40/81]  eta: 0:02:43  loss: 1167.9617 (1928.5226)  lr: 0.0003 (0.0003)  time: 3.756068  data: 0.001969  max mem: 27038
I20260905 06:40:32 107186 dinov2 helpers.py:102] Training  [50/81]  eta: 0:02:02  loss: 838.1624 (1708.3756)  lr: 0.0003 (0.0003)  time: 3.756686  data: 0.002153  max mem: 27038
I20260905 06:41:09 107186 dinov2 helpers.py:102] Training  [60/81]  eta: 0:01:22  loss: 838.1624 (1542.6081)  lr: 0.0003 (0.0003)  time: 3.756783  data: 0.002155  max mem: 27038
I20260905 06:41:47 107186 dinov2 helpers.py:102] Training  [70/81]  eta: 0:00:42  loss: 731.9937 (1420.8804)  lr: 0.0002 (0.0002)  time: 3.756031  data: 0.001902  max mem: 27038
I20260905 06:42:24 107186 fvcore.common.checkpoint checkpoint.py:124] Saving checkpoint to /cache/ma-user/VTBenchLab/outputs/coco2014_multilabel_linear_probing/unitok/model_final.pth
I20260905 06:42:24 107186 dinov2 helpers.py:102] Training  [80/81]  eta: 0:00:03  loss: 731.9937 (1321.6012)  lr: 0.0002 (0.0002)  time: 3.756382  data: 0.033244  max mem: 27038
I20260905 06:42:24 107186 dinov2 helpers.py:130] Training Total time: 0:05:13 (3.870919 s / it)
I20260905 06:45:19 107186 dinov2 coco_multilabel_probe.py:309] Validation at update 81: best={'name': 'classifier_fixed_readout_lr_0_08', 'mAP': 68.66363531689915, 'micro_AP': 76.45407779486668, 'OF1': 69.98749497368642, 'base_lr': 0.02, 'configured_lr': 0.02, 'effective_lr': 0.08, 'lr_boundary': 'interior', 'readout': 'fixed_preselected_representation'}
I20260905 06:45:19 107186 dinov2 coco_multilabel_probe.py:647] COCO multi-label unitok reached epoch 1/1 (update 81)
