>> 5-shot match-budget panel: models=6, workers=1, GPUs=0
>> protocol: ImageNet-1K class-balanced 5-shot, exactly one epoch
>> ImageNet-1K 5-shot/1-epoch tokenizer probing: dinov3_vitl16_lvd1689m
   support=5/class (5,000 total); optimization batch=1,000; updates=5
   Pixio/Web-SSL-MAE head=non-affine BN -> Linear; all others=Linear
   train_workers=8; eval_workers=0; eval_batch=1,024
   output_root=/cache/ma-user/VTBenchLab/outputs/vae_linear_probing_match_budget_5shot
Could not import `tifffile`, TIFFImageDataDecoder will be disabled
/home/ma-user/miniconda3/envs/dino/lib/python3.10/site-packages/transformers/utils/hub.py:110: FutureWarning: Using `TRANSFORMERS_CACHE` is deprecated and will be removed in v5 of Transformers. Use `HF_HOME` instead.
  warnings.warn(
modelarts-job-370bef21-a30e-4505-8309-fc1c6a0498a9-worker-0:71028:71028 [0] NCCL INFO Bootstrap : Using eth0:172.16.1.54<0>
modelarts-job-370bef21-a30e-4505-8309-fc1c6a0498a9-worker-0:71028:71028 [0] NCCL INFO Plugin name set by env to libnccl-net-none.so
modelarts-job-370bef21-a30e-4505-8309-fc1c6a0498a9-worker-0:71028:71028 [0] NCCL INFO NET/Plugin : dlerror=libnccl-net-none.so: cannot open shared object file: No such file or directory No plugin found (libnccl-net-none.so), using internal implementation
modelarts-job-370bef21-a30e-4505-8309-fc1c6a0498a9-worker-0:71028:71028 [0] NCCL INFO cudaDriverVersion 12040
NCCL version 2.20.5+cuda12.4
modelarts-job-370bef21-a30e-4505-8309-fc1c6a0498a9-worker-0:71028:71206 [0] NCCL INFO NET/IB : Using [0]={[0] mlx5_0:1/RoCE, [1] mlx5_1:1/RoCE} [1]={[2] mlx5_2:1/RoCE, [3] mlx5_3:1/RoCE} [2]={[4] mlx5_4:1/RoCE, [5] mlx5_5:1/RoCE} [3]={[6] mlx5_6:1/RoCE, [7] mlx5_7:1/RoCE} [RO]; OOB eth0:172.16.1.54<0>
modelarts-job-370bef21-a30e-4505-8309-fc1c6a0498a9-worker-0:71028:71206 [0] NCCL INFO Using non-device net plugin version 0
modelarts-job-370bef21-a30e-4505-8309-fc1c6a0498a9-worker-0:71028:71206 [0] NCCL INFO Using network IB
modelarts-job-370bef21-a30e-4505-8309-fc1c6a0498a9-worker-0:71028:71206 [0] NCCL INFO comm 0x55fdbc91a170 rank 0 nranks 1 cudaDev 0 nvmlDev 0 busId 5e000 commId 0xff0c33296da3d3c7 - Init START
modelarts-job-370bef21-a30e-4505-8309-fc1c6a0498a9-worker-0:71028:71206 [0] NCCL INFO Setting affinity for GPU 0 to ffffffff,00000000,ffffffff
modelarts-job-370bef21-a30e-4505-8309-fc1c6a0498a9-worker-0:71028:71206 [0] NCCL INFO comm 0x55fdbc91a170 rank 0 nRanks 1 nNodes 1 localRanks 1 localRank 0 MNNVL 0
modelarts-job-370bef21-a30e-4505-8309-fc1c6a0498a9-worker-0:71028:71206 [0] NCCL INFO Channel 00/32 :    0
modelarts-job-370bef21-a30e-4505-8309-fc1c6a0498a9-worker-0:71028:71206 [0] NCCL INFO Channel 01/32 :    0
modelarts-job-370bef21-a30e-4505-8309-fc1c6a0498a9-worker-0:71028:71206 [0] NCCL INFO Channel 02/32 :    0
modelarts-job-370bef21-a30e-4505-8309-fc1c6a0498a9-worker-0:71028:71206 [0] NCCL INFO Channel 03/32 :    0
modelarts-job-370bef21-a30e-4505-8309-fc1c6a0498a9-worker-0:71028:71206 [0] NCCL INFO Channel 04/32 :    0
modelarts-job-370bef21-a30e-4505-8309-fc1c6a0498a9-worker-0:71028:71206 [0] NCCL INFO Channel 05/32 :    0
modelarts-job-370bef21-a30e-4505-8309-fc1c6a0498a9-worker-0:71028:71206 [0] NCCL INFO Channel 06/32 :    0
modelarts-job-370bef21-a30e-4505-8309-fc1c6a0498a9-worker-0:71028:71206 [0] NCCL INFO Channel 07/32 :    0
modelarts-job-370bef21-a30e-4505-8309-fc1c6a0498a9-worker-0:71028:71206 [0] NCCL INFO Channel 08/32 :    0
modelarts-job-370bef21-a30e-4505-8309-fc1c6a0498a9-worker-0:71028:71206 [0] NCCL INFO Channel 09/32 :    0
modelarts-job-370bef21-a30e-4505-8309-fc1c6a0498a9-worker-0:71028:71206 [0] NCCL INFO Channel 10/32 :    0
modelarts-job-370bef21-a30e-4505-8309-fc1c6a0498a9-worker-0:71028:71206 [0] NCCL INFO Channel 11/32 :    0
modelarts-job-370bef21-a30e-4505-8309-fc1c6a0498a9-worker-0:71028:71206 [0] NCCL INFO Channel 12/32 :    0
modelarts-job-370bef21-a30e-4505-8309-fc1c6a0498a9-worker-0:71028:71206 [0] NCCL INFO Channel 13/32 :    0
modelarts-job-370bef21-a30e-4505-8309-fc1c6a0498a9-worker-0:71028:71206 [0] NCCL INFO Channel 14/32 :    0
modelarts-job-370bef21-a30e-4505-8309-fc1c6a0498a9-worker-0:71028:71206 [0] NCCL INFO Channel 15/32 :    0
modelarts-job-370bef21-a30e-4505-8309-fc1c6a0498a9-worker-0:71028:71206 [0] NCCL INFO Channel 16/32 :    0
modelarts-job-370bef21-a30e-4505-8309-fc1c6a0498a9-worker-0:71028:71206 [0] NCCL INFO Channel 17/32 :    0
modelarts-job-370bef21-a30e-4505-8309-fc1c6a0498a9-worker-0:71028:71206 [0] NCCL INFO Channel 18/32 :    0
modelarts-job-370bef21-a30e-4505-8309-fc1c6a0498a9-worker-0:71028:71206 [0] NCCL INFO Channel 19/32 :    0
modelarts-job-370bef21-a30e-4505-8309-fc1c6a0498a9-worker-0:71028:71206 [0] NCCL INFO Channel 20/32 :    0
modelarts-job-370bef21-a30e-4505-8309-fc1c6a0498a9-worker-0:71028:71206 [0] NCCL INFO Channel 21/32 :    0
modelarts-job-370bef21-a30e-4505-8309-fc1c6a0498a9-worker-0:71028:71206 [0] NCCL INFO Channel 22/32 :    0
modelarts-job-370bef21-a30e-4505-8309-fc1c6a0498a9-worker-0:71028:71206 [0] NCCL INFO Channel 23/32 :    0
modelarts-job-370bef21-a30e-4505-8309-fc1c6a0498a9-worker-0:71028:71206 [0] NCCL INFO Channel 24/32 :    0
modelarts-job-370bef21-a30e-4505-8309-fc1c6a0498a9-worker-0:71028:71206 [0] NCCL INFO Channel 25/32 :    0
modelarts-job-370bef21-a30e-4505-8309-fc1c6a0498a9-worker-0:71028:71206 [0] NCCL INFO Channel 26/32 :    0
modelarts-job-370bef21-a30e-4505-8309-fc1c6a0498a9-worker-0:71028:71206 [0] NCCL INFO Channel 27/32 :    0
modelarts-job-370bef21-a30e-4505-8309-fc1c6a0498a9-worker-0:71028:71206 [0] NCCL INFO Channel 28/32 :    0
modelarts-job-370bef21-a30e-4505-8309-fc1c6a0498a9-worker-0:71028:71206 [0] NCCL INFO Channel 29/32 :    0
modelarts-job-370bef21-a30e-4505-8309-fc1c6a0498a9-worker-0:71028:71206 [0] NCCL INFO Channel 30/32 :    0
modelarts-job-370bef21-a30e-4505-8309-fc1c6a0498a9-worker-0:71028:71206 [0] NCCL INFO Channel 31/32 :    0
modelarts-job-370bef21-a30e-4505-8309-fc1c6a0498a9-worker-0:71028:71206 [0] NCCL INFO Trees [0] -1/-1/-1->0->-1 [1] -1/-1/-1->0->-1 [2] -1/-1/-1->0->-1 [3] -1/-1/-1->0->-1 [4] -1/-1/-1->0->-1 [5] -1/-1/-1->0->-1 [6] -1/-1/-1->0->-1 [7] -1/-1/-1->0->-1 [8] -1/-1/-1->0->-1 [9] -1/-1/-1->0->-1 [10] -1/-1/-1->0->-1 [11] -1/-1/-1->0->-1 [12] -1/-1/-1->0->-1 [13] -1/-1/-1->0->-1 [14] -1/-1/-1->0->-1 [15] -1/-1/-1->0->-1 [16] -1/-1/-1->0->-1 [17] -1/-1/-1->0->-1 [18] -1/-1/-1->0->-1 [19] -1/-1/-1->0->-1 [20] -1/-1/-1->0->-1 [21] -1/-1/-1->0->-1 [22] -1/-1/-1->0->-1 [23] -1/-1/-1->0->-1 [24] -1/-1/-1->0->-1 [25] -1/-1/-1->0->-1 [26] -1/-1/-1->0->-1 [27] -1/-1/-1->0->-1 [28] -1/-1/-1->0->-1 [29] -1/-1/-1->0->-1 [30] -1/-1/-1->0->-1 [31] -1/-1/-1->0->-1
modelarts-job-370bef21-a30e-4505-8309-fc1c6a0498a9-worker-0:71028:71206 [0] NCCL INFO P2P Chunksize set to 131072
modelarts-job-370bef21-a30e-4505-8309-fc1c6a0498a9-worker-0:71028:71206 [0] NCCL INFO Connected all rings
modelarts-job-370bef21-a30e-4505-8309-fc1c6a0498a9-worker-0:71028:71206 [0] NCCL INFO Connected all trees
modelarts-job-370bef21-a30e-4505-8309-fc1c6a0498a9-worker-0:71028:71206 [0] NCCL INFO 32 coll channels, 0 collnet channels, 0 nvls channels, 32 p2p channels, 32 p2p channels per peer
modelarts-job-370bef21-a30e-4505-8309-fc1c6a0498a9-worker-0:71028:71206 [0] NCCL INFO comm 0x55fdbc91a170 rank 0 nranks 1 cudaDev 0 nvmlDev 0 busId 5e000 commId 0xff0c33296da3d3c7 - Init COMPLETE
I20260912 13:59:40 71028 dinov3 vision_transformer.py:112] using base=100.0 for rope new
I20260912 13:59:40 71028 dinov3 vision_transformer.py:113] using min_period=None for rope new
I20260912 13:59:40 71028 dinov3 vision_transformer.py:114] using max_period=None for rope new
I20260912 13:59:40 71028 dinov3 vision_transformer.py:115] using normalize_coords=separate for rope new
I20260912 13:59:40 71028 dinov3 vision_transformer.py:116] using shift_coords=None for rope new
I20260912 13:59:40 71028 dinov3 vision_transformer.py:117] using rescale_coords=2.0 for rope new
I20260912 13:59:40 71028 dinov3 vision_transformer.py:118] using jitter_coords=None for rope new
I20260912 13:59:40 71028 dinov3 vision_transformer.py:119] using dtype=bf16 for rope new
I20260912 13:59:40 71028 dinov3 vision_transformer.py:133] using mlp layer as FFN
I20260912 13:59:43 71028 dinov2 loaders.py:96] using dataset: "ImageNet:split=TRAIN:root=/cache/ma-user/VTBenchLab/data/imagenet1k:extra=/cache/ma-user/VTBenchLab/data/imagenet1k/extra"
I20260912 13:59:43 71028 dinov2 loaders.py:101] # of dataset samples: 1,281,167
I20260912 13:59:45 71028 dinov2 loaders.py:96] using dataset: "ImageNet:split=VAL:root=/cache/ma-user/VTBenchLab/data/imagenet1k:extra=/cache/ma-user/VTBenchLab/data/imagenet1k/extra"
I20260912 13:59:45 71028 dinov2 loaders.py:101] # of dataset samples: 50,000
I20260912 13:59:46 71028 dinov2 linear_probe.py:877] Protocol: {"backbone_precision": "bfloat16 weights and autocast", "base_learning_rates": [0.0001, 0.0002, 0.0005, 0.001, 0.002, 0.005, 0.01, 0.02, 0.05, 0.1, 0.2, 0.3, 0.5], "bias": true, "budget_scope": "5,000 frozen-tokenizer training forwards; official validation forwards are reported separately", "checkpoint_paths": ["/cache/ma-user/VTBenchLab/TokBench/tokenizer_modelzoo/continuous/dinov3-vitl16-pretrain-lvd1689m/model.safetensors", "/cache/ma-user/VTBenchLab/TokBench/tokenizer_modelzoo/continuous/dinov3-vitl16-pretrain-lvd1689m/config.json", "/cache/ma-user/VTBenchLab/TokBench/tokenizer_modelzoo/continuous/dinov3-vitl16-pretrain-lvd1689m/preprocessor_config.json"], "cuda_matmul_tf32": true, "cudnn_tf32": true, "dataset": "ImageNet-1k", "effective_learning_rates": [0.000390625, 0.00078125, 0.001953125, 0.00390625, 0.0078125, 0.01953125, 0.0390625, 0.078125, 0.1953125, 0.390625, 0.78125, 1.171875, 1.953125], "epoch_length_updates": 5, "epochs": 1, "eval_period_updates": 5, "feature_extraction_microbatch_size": 256, "feature_microbatch_semantics": "frozen backbone only; concatenate one FP32 [global_batch,D] tensor before linear heads", "feature_normalization": false, "fingerprint": "05431848f3c3e1004dda00643009358659f7849e1e5113b7ab1915e064595f6b", "global_batch_size": 1000, "gradient_accumulation_steps": 1, "head_bias_init": 0.0, "head_weight_init": "normal(mean=0,std=0.01)", "linear_head_precision": "float32", "loss": "cross_entropy", "lr_scaling": "effective_lr = base_lr * global_batch_size / 256", "lr_schedule": "cosine_to_zero", "max_updates": 5, "model": "dinov3_vitl16_lvd1689m", "model_rank": 10, "momentum": 0.9, "multi_block_search": false, "num_classes": 1000, "official_train_samples": 1281167, "optimizer": "SGD", "probe_head": "Linear", "probe_head_source": "scripts/linear_probe_tokenizers/linear_probe.py", "readout_search": false, "representation": "concat(final normalized CLS, mean(final normalized patch tokens)); excludes 4 register token(s)", "samples_drawn_per_epoch": 5000, "seed": 0, "shots_per_class": 5, "single_gpu": true, "support_indices_sha256": "681151991440c47050719cb1908502ca841f995f0965577403e9f163a99abf8f", "support_seed": 0, "train_samples": 5000, "train_sampling": "exactly 5 distinct images per class without replacement", "train_split": "fixed class-balanced subset of official train", "transform": "train=RandomResizedCrop(224)+HorizontalFlip(0.5), eval=Resize(224)+CenterCrop(224), mean=(0.485, 0.456, 0.406), std=(0.229, 0.224, 0.225)", "validation_batch_size": 1024, "validation_feature_extraction_microbatch_size": 256, "validation_samples": 50000, "validation_split": "official ImageNet-1k validation (50,000 images)", "version": "tokenizer_linear_probe_imagenet_5shot_1epoch_v1", "vision_encoder": "dinov3_vitl16", "warmup_updates": 0, "weight_decay": 0.0}
I20260912 13:59:46 71028 dinov2 linear_probe.py:878] Feature dimension=2048; heads=13
I20260912 13:59:46 71028 fvcore.common.checkpoint checkpoint.py:148] No checkpoint found. Initializing model from scratch
I20260912 13:59:46 71028 dinov2 loaders.py:134] sampler: sharded infinite
I20260912 13:59:46 71028 dinov2 loaders.py:218] using PyTorch data loader
I20260912 13:59:46 71028 dinov2 loaders.py:233] infinite data loader
I20260912 13:59:46 71028 dinov2 loaders.py:159] sampler: distributed
I20260912 13:59:46 71028 dinov2 loaders.py:218] using PyTorch data loader
I20260912 13:59:46 71028 dinov2 loaders.py:231] # of batches: 49
I20260912 13:59:46 71028 dinov2 linear_probe.py:924] Starting dinov3_vitl16_lvd1689m from update 0/5 with requested cutoff epoch=1 (5 updates), optimization global batch 1000, and frozen-backbone feature microbatch 256 (validation 256)
I20260912 13:59:58 71028 dinov2 helpers.py:102] Training  [0/5]  eta: 0:00:59  loss: 90.0086 (90.0086)  lr: 0.0004 (0.0004)  time: 11.804104  data: 9.681177  max mem: 2151
I20260912 14:00:03 71028 dinov2 helpers.py:102] Training  [4/5]  eta: 0:00:03  loss: 90.0086 (90.0086)  lr: 0.0004 (0.0004)  time: 3.311612  data: 1.950306  max mem: 2364
I20260912 14:00:03 71028 dinov2 helpers.py:130] Training Total time: 0:00:16 (3.312242 s / it)
I20260912 14:00:07 71028 dinov2 linear_probe.py:1015] Released training batches and DataLoader workers before cutoff validation
I20260912 14:00:07 71028 fvcore.common.checkpoint checkpoint.py:124] Saving checkpoint to /cache/ma-user/VTBenchLab/outputs/vae_linear_probing_match_budget_5shot/dinov3_vitl16_lvd1689m/model_final.pth
I20260912 14:00:34 71028 dinov2 helpers.py:102] Test:  [ 0/49]  eta: 0:21:53    time: 26.814823  data: 25.427691  max mem: 2703
I20260912 14:04:49 71028 dinov2 helpers.py:102] Test:  [10/49]  eta: 0:16:40    time: 25.661913  data: 24.369904  max mem: 2716
I20260912 14:09:00 71028 dinov2 helpers.py:102] Test:  [20/49]  eta: 0:12:15    time: 25.298140  data: 24.029255  max mem: 2716
I20260912 14:13:18 71028 dinov2 helpers.py:102] Test:  [30/49]  eta: 0:08:04    time: 25.436138  data: 24.179844  max mem: 2716
I20260912 14:17:35 71028 dinov2 helpers.py:102] Test:  [40/49]  eta: 0:03:50    time: 25.775324  data: 24.518375  max mem: 2716
I20260912 14:21:01 71028 dinov2 helpers.py:102] Test:  [48/49]  eta: 0:00:25    time: 25.713465  data: 24.465597  max mem: 2716
I20260912 14:21:01 71028 dinov2 helpers.py:130] Test: Total time: 0:20:53 (25.588997 s / it)
I20260912 14:21:01 71028 dinov2 utils.py:83] Averaged stats: 
I20260912 14:21:01 71028 dinov2 linear_probe.py:799] Validation at update 5: best={'name': 'classifier_fixed_readout_lr_1_953125', 'accuracy': 0.4829399883747101, 'top5_accuracy': 0.7018200159072876, 'base_lr': 0.5, 'configured_lr': 0.5, 'effective_lr': 1.953125, 'lr_boundary': 'high', 'readout': 'fixed_preselected_representation'}
I20260912 14:21:01 71028 dinov2 linear_probe.py:1049] Final result: {'name': 'classifier_fixed_readout_lr_1_953125', 'accuracy': 0.4829399883747101, 'top5_accuracy': 0.7018200159072876, 'base_lr': 0.5, 'configured_lr': 0.5, 'effective_lr': 1.953125, 'lr_boundary': 'high', 'readout': 'fixed_preselected_representation'}
>> ImageNet-1K 5-shot/1-epoch tokenizer probing: eupe_convnext_b
   support=5/class (5,000 total); optimization batch=1,000; updates=5
   Pixio/Web-SSL-MAE head=non-affine BN -> Linear; all others=Linear
   train_workers=8; eval_workers=0; eval_batch=1,024
   output_root=/cache/ma-user/VTBenchLab/outputs/vae_linear_probing_match_budget_5shot
Could not import `tifffile`, TIFFImageDataDecoder will be disabled
/home/ma-user/miniconda3/envs/dino/lib/python3.10/site-packages/transformers/utils/hub.py:110: FutureWarning: Using `TRANSFORMERS_CACHE` is deprecated and will be removed in v5 of Transformers. Use `HF_HOME` instead.
  warnings.warn(
modelarts-job-370bef21-a30e-4505-8309-fc1c6a0498a9-worker-0:86206:86206 [0] NCCL INFO Bootstrap : Using eth0:172.16.1.54<0>
modelarts-job-370bef21-a30e-4505-8309-fc1c6a0498a9-worker-0:86206:86206 [0] NCCL INFO Plugin name set by env to libnccl-net-none.so
modelarts-job-370bef21-a30e-4505-8309-fc1c6a0498a9-worker-0:86206:86206 [0] NCCL INFO NET/Plugin : dlerror=libnccl-net-none.so: cannot open shared object file: No such file or directory No plugin found (libnccl-net-none.so), using internal implementation
modelarts-job-370bef21-a30e-4505-8309-fc1c6a0498a9-worker-0:86206:86206 [0] NCCL INFO cudaDriverVersion 12040
NCCL version 2.20.5+cuda12.4
modelarts-job-370bef21-a30e-4505-8309-fc1c6a0498a9-worker-0:86206:86402 [0] NCCL INFO NET/IB : Using [0]={[0] mlx5_0:1/RoCE, [1] mlx5_1:1/RoCE} [1]={[2] mlx5_2:1/RoCE, [3] mlx5_3:1/RoCE} [2]={[4] mlx5_4:1/RoCE, [5] mlx5_5:1/RoCE} [3]={[6] mlx5_6:1/RoCE, [7] mlx5_7:1/RoCE} [RO]; OOB eth0:172.16.1.54<0>
modelarts-job-370bef21-a30e-4505-8309-fc1c6a0498a9-worker-0:86206:86402 [0] NCCL INFO Using non-device net plugin version 0
modelarts-job-370bef21-a30e-4505-8309-fc1c6a0498a9-worker-0:86206:86402 [0] NCCL INFO Using network IB
modelarts-job-370bef21-a30e-4505-8309-fc1c6a0498a9-worker-0:86206:86402 [0] NCCL INFO comm 0x5611dfdd16d0 rank 0 nranks 1 cudaDev 0 nvmlDev 0 busId 5e000 commId 0x7ed6aaa0ed50305b - Init START
modelarts-job-370bef21-a30e-4505-8309-fc1c6a0498a9-worker-0:86206:86402 [0] NCCL INFO Setting affinity for GPU 0 to ffffffff,00000000,ffffffff
modelarts-job-370bef21-a30e-4505-8309-fc1c6a0498a9-worker-0:86206:86402 [0] NCCL INFO comm 0x5611dfdd16d0 rank 0 nRanks 1 nNodes 1 localRanks 1 localRank 0 MNNVL 0
modelarts-job-370bef21-a30e-4505-8309-fc1c6a0498a9-worker-0:86206:86402 [0] NCCL INFO Channel 00/32 :    0
modelarts-job-370bef21-a30e-4505-8309-fc1c6a0498a9-worker-0:86206:86402 [0] NCCL INFO Channel 01/32 :    0
modelarts-job-370bef21-a30e-4505-8309-fc1c6a0498a9-worker-0:86206:86402 [0] NCCL INFO Channel 02/32 :    0
modelarts-job-370bef21-a30e-4505-8309-fc1c6a0498a9-worker-0:86206:86402 [0] NCCL INFO Channel 03/32 :    0
modelarts-job-370bef21-a30e-4505-8309-fc1c6a0498a9-worker-0:86206:86402 [0] NCCL INFO Channel 04/32 :    0
modelarts-job-370bef21-a30e-4505-8309-fc1c6a0498a9-worker-0:86206:86402 [0] NCCL INFO Channel 05/32 :    0
modelarts-job-370bef21-a30e-4505-8309-fc1c6a0498a9-worker-0:86206:86402 [0] NCCL INFO Channel 06/32 :    0
modelarts-job-370bef21-a30e-4505-8309-fc1c6a0498a9-worker-0:86206:86402 [0] NCCL INFO Channel 07/32 :    0
modelarts-job-370bef21-a30e-4505-8309-fc1c6a0498a9-worker-0:86206:86402 [0] NCCL INFO Channel 08/32 :    0
modelarts-job-370bef21-a30e-4505-8309-fc1c6a0498a9-worker-0:86206:86402 [0] NCCL INFO Channel 09/32 :    0
modelarts-job-370bef21-a30e-4505-8309-fc1c6a0498a9-worker-0:86206:86402 [0] NCCL INFO Channel 10/32 :    0
modelarts-job-370bef21-a30e-4505-8309-fc1c6a0498a9-worker-0:86206:86402 [0] NCCL INFO Channel 11/32 :    0
modelarts-job-370bef21-a30e-4505-8309-fc1c6a0498a9-worker-0:86206:86402 [0] NCCL INFO Channel 12/32 :    0
modelarts-job-370bef21-a30e-4505-8309-fc1c6a0498a9-worker-0:86206:86402 [0] NCCL INFO Channel 13/32 :    0
modelarts-job-370bef21-a30e-4505-8309-fc1c6a0498a9-worker-0:86206:86402 [0] NCCL INFO Channel 14/32 :    0
modelarts-job-370bef21-a30e-4505-8309-fc1c6a0498a9-worker-0:86206:86402 [0] NCCL INFO Channel 15/32 :    0
modelarts-job-370bef21-a30e-4505-8309-fc1c6a0498a9-worker-0:86206:86402 [0] NCCL INFO Channel 16/32 :    0
modelarts-job-370bef21-a30e-4505-8309-fc1c6a0498a9-worker-0:86206:86402 [0] NCCL INFO Channel 17/32 :    0
modelarts-job-370bef21-a30e-4505-8309-fc1c6a0498a9-worker-0:86206:86402 [0] NCCL INFO Channel 18/32 :    0
modelarts-job-370bef21-a30e-4505-8309-fc1c6a0498a9-worker-0:86206:86402 [0] NCCL INFO Channel 19/32 :    0
modelarts-job-370bef21-a30e-4505-8309-fc1c6a0498a9-worker-0:86206:86402 [0] NCCL INFO Channel 20/32 :    0
modelarts-job-370bef21-a30e-4505-8309-fc1c6a0498a9-worker-0:86206:86402 [0] NCCL INFO Channel 21/32 :    0
modelarts-job-370bef21-a30e-4505-8309-fc1c6a0498a9-worker-0:86206:86402 [0] NCCL INFO Channel 22/32 :    0
modelarts-job-370bef21-a30e-4505-8309-fc1c6a0498a9-worker-0:86206:86402 [0] NCCL INFO Channel 23/32 :    0
modelarts-job-370bef21-a30e-4505-8309-fc1c6a0498a9-worker-0:86206:86402 [0] NCCL INFO Channel 24/32 :    0
modelarts-job-370bef21-a30e-4505-8309-fc1c6a0498a9-worker-0:86206:86402 [0] NCCL INFO Channel 25/32 :    0
modelarts-job-370bef21-a30e-4505-8309-fc1c6a0498a9-worker-0:86206:86402 [0] NCCL INFO Channel 26/32 :    0
modelarts-job-370bef21-a30e-4505-8309-fc1c6a0498a9-worker-0:86206:86402 [0] NCCL INFO Channel 27/32 :    0
modelarts-job-370bef21-a30e-4505-8309-fc1c6a0498a9-worker-0:86206:86402 [0] NCCL INFO Channel 28/32 :    0
modelarts-job-370bef21-a30e-4505-8309-fc1c6a0498a9-worker-0:86206:86402 [0] NCCL INFO Channel 29/32 :    0
modelarts-job-370bef21-a30e-4505-8309-fc1c6a0498a9-worker-0:86206:86402 [0] NCCL INFO Channel 30/32 :    0
modelarts-job-370bef21-a30e-4505-8309-fc1c6a0498a9-worker-0:86206:86402 [0] NCCL INFO Channel 31/32 :    0
modelarts-job-370bef21-a30e-4505-8309-fc1c6a0498a9-worker-0:86206:86402 [0] NCCL INFO Trees [0] -1/-1/-1->0->-1 [1] -1/-1/-1->0->-1 [2] -1/-1/-1->0->-1 [3] -1/-1/-1->0->-1 [4] -1/-1/-1->0->-1 [5] -1/-1/-1->0->-1 [6] -1/-1/-1->0->-1 [7] -1/-1/-1->0->-1 [8] -1/-1/-1->0->-1 [9] -1/-1/-1->0->-1 [10] -1/-1/-1->0->-1 [11] -1/-1/-1->0->-1 [12] -1/-1/-1->0->-1 [13] -1/-1/-1->0->-1 [14] -1/-1/-1->0->-1 [15] -1/-1/-1->0->-1 [16] -1/-1/-1->0->-1 [17] -1/-1/-1->0->-1 [18] -1/-1/-1->0->-1 [19] -1/-1/-1->0->-1 [20] -1/-1/-1->0->-1 [21] -1/-1/-1->0->-1 [22] -1/-1/-1->0->-1 [23] -1/-1/-1->0->-1 [24] -1/-1/-1->0->-1 [25] -1/-1/-1->0->-1 [26] -1/-1/-1->0->-1 [27] -1/-1/-1->0->-1 [28] -1/-1/-1->0->-1 [29] -1/-1/-1->0->-1 [30] -1/-1/-1->0->-1 [31] -1/-1/-1->0->-1
modelarts-job-370bef21-a30e-4505-8309-fc1c6a0498a9-worker-0:86206:86402 [0] NCCL INFO P2P Chunksize set to 131072
modelarts-job-370bef21-a30e-4505-8309-fc1c6a0498a9-worker-0:86206:86402 [0] NCCL INFO Connected all rings
modelarts-job-370bef21-a30e-4505-8309-fc1c6a0498a9-worker-0:86206:86402 [0] NCCL INFO Connected all trees
modelarts-job-370bef21-a30e-4505-8309-fc1c6a0498a9-worker-0:86206:86402 [0] NCCL INFO 32 coll channels, 0 collnet channels, 0 nvls channels, 32 p2p channels, 32 p2p channels per peer
modelarts-job-370bef21-a30e-4505-8309-fc1c6a0498a9-worker-0:86206:86402 [0] NCCL INFO comm 0x5611dfdd16d0 rank 0 nranks 1 cudaDev 0 nvmlDev 0 busId 5e000 commId 0x7ed6aaa0ed50305b - Init COMPLETE
I20260912 14:21:11 86206 dinov2 loaders.py:96] using dataset: "ImageNet:split=TRAIN:root=/cache/ma-user/VTBenchLab/data/imagenet1k:extra=/cache/ma-user/VTBenchLab/data/imagenet1k/extra"
I20260912 14:21:11 86206 dinov2 loaders.py:101] # of dataset samples: 1,281,167
I20260912 14:21:12 86206 dinov2 loaders.py:96] using dataset: "ImageNet:split=VAL:root=/cache/ma-user/VTBenchLab/data/imagenet1k:extra=/cache/ma-user/VTBenchLab/data/imagenet1k/extra"
I20260912 14:21:12 86206 dinov2 loaders.py:101] # of dataset samples: 50,000
I20260912 14:21:12 86206 dinov2 linear_probe.py:877] Protocol: {"backbone_precision": "bfloat16 weights and autocast", "base_learning_rates": [0.0001, 0.0002, 0.0005, 0.001, 0.002, 0.005, 0.01, 0.02, 0.05, 0.1, 0.2, 0.3, 0.5], "bias": true, "budget_scope": "5,000 frozen-tokenizer training forwards; official validation forwards are reported separately", "checkpoint_paths": ["/cache/ma-user/VTBenchLab/TokBench/tokenizer_modelzoo/continuous/EUPE-ConvNeXt-B/EUPE-ConvNeXt-B.pt"], "cuda_matmul_tf32": true, "cudnn_tf32": true, "dataset": "ImageNet-1k", "effective_learning_rates": [0.000390625, 0.00078125, 0.001953125, 0.00390625, 0.0078125, 0.01953125, 0.0390625, 0.078125, 0.1953125, 0.390625, 0.78125, 1.171875, 1.953125], "epoch_length_updates": 5, "epochs": 1, "eval_period_updates": 5, "feature_extraction_microbatch_size": 512, "feature_microbatch_semantics": "frozen backbone only; concatenate one FP32 [global_batch,D] tensor before linear heads", "feature_normalization": false, "fingerprint": "0768d1704707493ed78e7059156446c1967d627c2460f12deeaa5bb30381240a", "global_batch_size": 1000, "gradient_accumulation_steps": 1, "head_bias_init": 0.0, "head_weight_init": "normal(mean=0,std=0.01)", "linear_head_precision": "float32", "loss": "cross_entropy", "lr_scaling": "effective_lr = base_lr * global_batch_size / 256", "lr_schedule": "cosine_to_zero", "max_updates": 5, "model": "eupe_convnext_b", "model_rank": 16, "momentum": 0.9, "multi_block_search": false, "num_classes": 1000, "official_train_samples": 1281167, "optimizer": "SGD", "probe_head": "Linear", "probe_head_source": "scripts/linear_probe_tokenizers/linear_probe.py", "readout_search": false, "representation": "EUPE ConvNeXt final-stage global average pooling after the released final LayerNorm", "samples_drawn_per_epoch": 5000, "seed": 0, "shots_per_class": 5, "single_gpu": true, "support_indices_sha256": "681151991440c47050719cb1908502ca841f995f0965577403e9f163a99abf8f", "support_seed": 0, "train_samples": 5000, "train_sampling": "exactly 5 distinct images per class without replacement", "train_split": "fixed class-balanced subset of official train", "transform": "train=RandomResizedCrop(256)+HorizontalFlip(0.5), eval=direct square Resize((256,256)) per EUPE release, mean=(0.485, 0.456, 0.406), std=(0.229, 0.224, 0.225)", "validation_batch_size": 1024, "validation_feature_extraction_microbatch_size": 512, "validation_samples": 50000, "validation_split": "official ImageNet-1k validation (50,000 images)", "version": "tokenizer_linear_probe_imagenet_5shot_1epoch_v1", "vision_encoder": "eupe_convnext_b", "warmup_updates": 0, "weight_decay": 0.0}
I20260912 14:21:12 86206 dinov2 linear_probe.py:878] Feature dimension=1024; heads=13
I20260912 14:21:12 86206 fvcore.common.checkpoint checkpoint.py:148] No checkpoint found. Initializing model from scratch
I20260912 14:21:12 86206 dinov2 loaders.py:134] sampler: sharded infinite
I20260912 14:21:12 86206 dinov2 loaders.py:218] using PyTorch data loader
I20260912 14:21:12 86206 dinov2 loaders.py:233] infinite data loader
I20260912 14:21:12 86206 dinov2 loaders.py:159] sampler: distributed
I20260912 14:21:12 86206 dinov2 loaders.py:218] using PyTorch data loader
I20260912 14:21:12 86206 dinov2 loaders.py:231] # of batches: 49
I20260912 14:21:12 86206 dinov2 linear_probe.py:924] Starting eupe_convnext_b from update 0/5 with requested cutoff epoch=1 (5 updates), optimization global batch 1000, and frozen-backbone feature microbatch 512 (validation 512)
I20260912 14:21:21 86206 dinov2 helpers.py:102] Training  [0/5]  eta: 0:00:39  loss: 90.7060 (90.7060)  lr: 0.0004 (0.0004)  time: 7.907649  data: 5.697547  max mem: 6756
I20260912 14:21:25 86206 dinov2 helpers.py:102] Training  [4/5]  eta: 0:00:02  loss: 90.7060 (90.7060)  lr: 0.0004 (0.0004)  time: 2.475252  data: 1.482418  max mem: 6866
I20260912 14:21:25 86206 dinov2 helpers.py:130] Training Total time: 0:00:12 (2.475585 s / it)
I20260912 14:21:30 86206 dinov2 linear_probe.py:1015] Released training batches and DataLoader workers before cutoff validation
I20260912 14:21:30 86206 fvcore.common.checkpoint checkpoint.py:124] Saving checkpoint to /cache/ma-user/VTBenchLab/outputs/vae_linear_probing_match_budget_5shot/eupe_convnext_b/model_final.pth
I20260912 14:21:56 86206 dinov2 helpers.py:102] Test:  [ 0/49]  eta: 0:20:40    time: 25.306747  data: 24.080803  max mem: 7332
I20260912 14:26:14 86206 dinov2 helpers.py:102] Test:  [10/49]  eta: 0:16:45    time: 25.783148  data: 24.718109  max mem: 7340
I20260912 14:30:15 86206 dinov2 helpers.py:102] Test:  [20/49]  eta: 0:12:05    time: 24.991253  data: 23.942425  max mem: 7340
I20260912 14:34:18 86206 dinov2 helpers.py:102] Test:  [30/49]  eta: 0:07:50    time: 24.224718  data: 23.177368  max mem: 7340
I20260912 14:38:31 86206 dinov2 helpers.py:102] Test:  [40/49]  eta: 0:03:44    time: 24.789448  data: 23.742523  max mem: 7340
I20260912 14:41:52 86206 dinov2 helpers.py:102] Test:  [48/49]  eta: 0:00:24    time: 25.002359  data: 23.963783  max mem: 7340
I20260912 14:41:52 86206 dinov2 helpers.py:130] Test: Total time: 0:20:21 (24.931713 s / it)
I20260912 14:41:52 86206 dinov2 utils.py:83] Averaged stats: 
I20260912 14:41:52 86206 dinov2 linear_probe.py:799] Validation at update 5: best={'name': 'classifier_fixed_readout_lr_1_953125', 'accuracy': 0.2872599959373474, 'top5_accuracy': 0.4846400022506714, 'base_lr': 0.5, 'configured_lr': 0.5, 'effective_lr': 1.953125, 'lr_boundary': 'high', 'readout': 'fixed_preselected_representation'}
I20260912 14:41:52 86206 dinov2 linear_probe.py:1049] Final result: {'name': 'classifier_fixed_readout_lr_1_953125', 'accuracy': 0.2872599959373474, 'top5_accuracy': 0.4846400022506714, 'base_lr': 0.5, 'configured_lr': 0.5, 'effective_lr': 1.953125, 'lr_boundary': 'high', 'readout': 'fixed_preselected_representation'}
>> ImageNet-1K 5-shot/1-epoch tokenizer probing: raev2_dinov3l_k7
   support=5/class (5,000 total); optimization batch=1,000; updates=5
   Pixio/Web-SSL-MAE head=non-affine BN -> Linear; all others=Linear
   train_workers=8; eval_workers=0; eval_batch=1,024
   output_root=/cache/ma-user/VTBenchLab/outputs/vae_linear_probing_match_budget_5shot
Could not import `tifffile`, TIFFImageDataDecoder will be disabled
/home/ma-user/miniconda3/envs/dino/lib/python3.10/site-packages/transformers/utils/hub.py:110: FutureWarning: Using `TRANSFORMERS_CACHE` is deprecated and will be removed in v5 of Transformers. Use `HF_HOME` instead.
  warnings.warn(
modelarts-job-370bef21-a30e-4505-8309-fc1c6a0498a9-worker-0:99442:99442 [0] NCCL INFO Bootstrap : Using eth0:172.16.1.54<0>
modelarts-job-370bef21-a30e-4505-8309-fc1c6a0498a9-worker-0:99442:99442 [0] NCCL INFO Plugin name set by env to libnccl-net-none.so
modelarts-job-370bef21-a30e-4505-8309-fc1c6a0498a9-worker-0:99442:99442 [0] NCCL INFO NET/Plugin : dlerror=libnccl-net-none.so: cannot open shared object file: No such file or directory No plugin found (libnccl-net-none.so), using internal implementation
modelarts-job-370bef21-a30e-4505-8309-fc1c6a0498a9-worker-0:99442:99442 [0] NCCL INFO cudaDriverVersion 12040
NCCL version 2.20.5+cuda12.4
modelarts-job-370bef21-a30e-4505-8309-fc1c6a0498a9-worker-0:99442:99646 [0] NCCL INFO NET/IB : Using [0]={[0] mlx5_0:1/RoCE, [1] mlx5_1:1/RoCE} [1]={[2] mlx5_2:1/RoCE, [3] mlx5_3:1/RoCE} [2]={[4] mlx5_4:1/RoCE, [5] mlx5_5:1/RoCE} [3]={[6] mlx5_6:1/RoCE, [7] mlx5_7:1/RoCE} [RO]; OOB eth0:172.16.1.54<0>
modelarts-job-370bef21-a30e-4505-8309-fc1c6a0498a9-worker-0:99442:99646 [0] NCCL INFO Using non-device net plugin version 0
modelarts-job-370bef21-a30e-4505-8309-fc1c6a0498a9-worker-0:99442:99646 [0] NCCL INFO Using network IB
modelarts-job-370bef21-a30e-4505-8309-fc1c6a0498a9-worker-0:99442:99646 [0] NCCL INFO comm 0x560c95710f80 rank 0 nranks 1 cudaDev 0 nvmlDev 0 busId 5e000 commId 0xa701c240a9a1f535 - Init START
modelarts-job-370bef21-a30e-4505-8309-fc1c6a0498a9-worker-0:99442:99646 [0] NCCL INFO Setting affinity for GPU 0 to ffffffff,00000000,ffffffff
modelarts-job-370bef21-a30e-4505-8309-fc1c6a0498a9-worker-0:99442:99646 [0] NCCL INFO comm 0x560c95710f80 rank 0 nRanks 1 nNodes 1 localRanks 1 localRank 0 MNNVL 0
modelarts-job-370bef21-a30e-4505-8309-fc1c6a0498a9-worker-0:99442:99646 [0] NCCL INFO Channel 00/32 :    0
modelarts-job-370bef21-a30e-4505-8309-fc1c6a0498a9-worker-0:99442:99646 [0] NCCL INFO Channel 01/32 :    0
modelarts-job-370bef21-a30e-4505-8309-fc1c6a0498a9-worker-0:99442:99646 [0] NCCL INFO Channel 02/32 :    0
modelarts-job-370bef21-a30e-4505-8309-fc1c6a0498a9-worker-0:99442:99646 [0] NCCL INFO Channel 03/32 :    0
modelarts-job-370bef21-a30e-4505-8309-fc1c6a0498a9-worker-0:99442:99646 [0] NCCL INFO Channel 04/32 :    0
modelarts-job-370bef21-a30e-4505-8309-fc1c6a0498a9-worker-0:99442:99646 [0] NCCL INFO Channel 05/32 :    0
modelarts-job-370bef21-a30e-4505-8309-fc1c6a0498a9-worker-0:99442:99646 [0] NCCL INFO Channel 06/32 :    0
modelarts-job-370bef21-a30e-4505-8309-fc1c6a0498a9-worker-0:99442:99646 [0] NCCL INFO Channel 07/32 :    0
modelarts-job-370bef21-a30e-4505-8309-fc1c6a0498a9-worker-0:99442:99646 [0] NCCL INFO Channel 08/32 :    0
modelarts-job-370bef21-a30e-4505-8309-fc1c6a0498a9-worker-0:99442:99646 [0] NCCL INFO Channel 09/32 :    0
modelarts-job-370bef21-a30e-4505-8309-fc1c6a0498a9-worker-0:99442:99646 [0] NCCL INFO Channel 10/32 :    0
modelarts-job-370bef21-a30e-4505-8309-fc1c6a0498a9-worker-0:99442:99646 [0] NCCL INFO Channel 11/32 :    0
modelarts-job-370bef21-a30e-4505-8309-fc1c6a0498a9-worker-0:99442:99646 [0] NCCL INFO Channel 12/32 :    0
modelarts-job-370bef21-a30e-4505-8309-fc1c6a0498a9-worker-0:99442:99646 [0] NCCL INFO Channel 13/32 :    0
modelarts-job-370bef21-a30e-4505-8309-fc1c6a0498a9-worker-0:99442:99646 [0] NCCL INFO Channel 14/32 :    0
modelarts-job-370bef21-a30e-4505-8309-fc1c6a0498a9-worker-0:99442:99646 [0] NCCL INFO Channel 15/32 :    0
modelarts-job-370bef21-a30e-4505-8309-fc1c6a0498a9-worker-0:99442:99646 [0] NCCL INFO Channel 16/32 :    0
modelarts-job-370bef21-a30e-4505-8309-fc1c6a0498a9-worker-0:99442:99646 [0] NCCL INFO Channel 17/32 :    0
modelarts-job-370bef21-a30e-4505-8309-fc1c6a0498a9-worker-0:99442:99646 [0] NCCL INFO Channel 18/32 :    0
modelarts-job-370bef21-a30e-4505-8309-fc1c6a0498a9-worker-0:99442:99646 [0] NCCL INFO Channel 19/32 :    0
modelarts-job-370bef21-a30e-4505-8309-fc1c6a0498a9-worker-0:99442:99646 [0] NCCL INFO Channel 20/32 :    0
modelarts-job-370bef21-a30e-4505-8309-fc1c6a0498a9-worker-0:99442:99646 [0] NCCL INFO Channel 21/32 :    0
modelarts-job-370bef21-a30e-4505-8309-fc1c6a0498a9-worker-0:99442:99646 [0] NCCL INFO Channel 22/32 :    0
modelarts-job-370bef21-a30e-4505-8309-fc1c6a0498a9-worker-0:99442:99646 [0] NCCL INFO Channel 23/32 :    0
modelarts-job-370bef21-a30e-4505-8309-fc1c6a0498a9-worker-0:99442:99646 [0] NCCL INFO Channel 24/32 :    0
modelarts-job-370bef21-a30e-4505-8309-fc1c6a0498a9-worker-0:99442:99646 [0] NCCL INFO Channel 25/32 :    0
modelarts-job-370bef21-a30e-4505-8309-fc1c6a0498a9-worker-0:99442:99646 [0] NCCL INFO Channel 26/32 :    0
modelarts-job-370bef21-a30e-4505-8309-fc1c6a0498a9-worker-0:99442:99646 [0] NCCL INFO Channel 27/32 :    0
modelarts-job-370bef21-a30e-4505-8309-fc1c6a0498a9-worker-0:99442:99646 [0] NCCL INFO Channel 28/32 :    0
modelarts-job-370bef21-a30e-4505-8309-fc1c6a0498a9-worker-0:99442:99646 [0] NCCL INFO Channel 29/32 :    0
modelarts-job-370bef21-a30e-4505-8309-fc1c6a0498a9-worker-0:99442:99646 [0] NCCL INFO Channel 30/32 :    0
modelarts-job-370bef21-a30e-4505-8309-fc1c6a0498a9-worker-0:99442:99646 [0] NCCL INFO Channel 31/32 :    0
modelarts-job-370bef21-a30e-4505-8309-fc1c6a0498a9-worker-0:99442:99646 [0] NCCL INFO Trees [0] -1/-1/-1->0->-1 [1] -1/-1/-1->0->-1 [2] -1/-1/-1->0->-1 [3] -1/-1/-1->0->-1 [4] -1/-1/-1->0->-1 [5] -1/-1/-1->0->-1 [6] -1/-1/-1->0->-1 [7] -1/-1/-1->0->-1 [8] -1/-1/-1->0->-1 [9] -1/-1/-1->0->-1 [10] -1/-1/-1->0->-1 [11] -1/-1/-1->0->-1 [12] -1/-1/-1->0->-1 [13] -1/-1/-1->0->-1 [14] -1/-1/-1->0->-1 [15] -1/-1/-1->0->-1 [16] -1/-1/-1->0->-1 [17] -1/-1/-1->0->-1 [18] -1/-1/-1->0->-1 [19] -1/-1/-1->0->-1 [20] -1/-1/-1->0->-1 [21] -1/-1/-1->0->-1 [22] -1/-1/-1->0->-1 [23] -1/-1/-1->0->-1 [24] -1/-1/-1->0->-1 [25] -1/-1/-1->0->-1 [26] -1/-1/-1->0->-1 [27] -1/-1/-1->0->-1 [28] -1/-1/-1->0->-1 [29] -1/-1/-1->0->-1 [30] -1/-1/-1->0->-1 [31] -1/-1/-1->0->-1
modelarts-job-370bef21-a30e-4505-8309-fc1c6a0498a9-worker-0:99442:99646 [0] NCCL INFO P2P Chunksize set to 131072
modelarts-job-370bef21-a30e-4505-8309-fc1c6a0498a9-worker-0:99442:99646 [0] NCCL INFO Connected all rings
modelarts-job-370bef21-a30e-4505-8309-fc1c6a0498a9-worker-0:99442:99646 [0] NCCL INFO Connected all trees
modelarts-job-370bef21-a30e-4505-8309-fc1c6a0498a9-worker-0:99442:99646 [0] NCCL INFO 32 coll channels, 0 collnet channels, 0 nvls channels, 32 p2p channels, 32 p2p channels per peer
modelarts-job-370bef21-a30e-4505-8309-fc1c6a0498a9-worker-0:99442:99646 [0] NCCL INFO comm 0x560c95710f80 rank 0 nranks 1 cudaDev 0 nvmlDev 0 busId 5e000 commId 0xa701c240a9a1f535 - Init COMPLETE
I20260912 14:41:59 99442 dinov3 vision_transformer.py:112] using base=100 for rope new
I20260912 14:41:59 99442 dinov3 vision_transformer.py:113] using min_period=None for rope new
I20260912 14:41:59 99442 dinov3 vision_transformer.py:114] using max_period=None for rope new
I20260912 14:41:59 99442 dinov3 vision_transformer.py:115] using normalize_coords=separate for rope new
I20260912 14:41:59 99442 dinov3 vision_transformer.py:116] using shift_coords=None for rope new
I20260912 14:41:59 99442 dinov3 vision_transformer.py:117] using rescale_coords=2 for rope new
I20260912 14:41:59 99442 dinov3 vision_transformer.py:118] using jitter_coords=None for rope new
I20260912 14:41:59 99442 dinov3 vision_transformer.py:119] using dtype=fp32 for rope new
I20260912 14:41:59 99442 dinov3 vision_transformer.py:133] using mlp layer as FFN
I20260912 14:42:03 99442 dinov2 loaders.py:96] using dataset: "ImageNet:split=TRAIN:root=/cache/ma-user/VTBenchLab/data/imagenet1k:extra=/cache/ma-user/VTBenchLab/data/imagenet1k/extra"
I20260912 14:42:03 99442 dinov2 loaders.py:101] # of dataset samples: 1,281,167
I20260912 14:42:04 99442 dinov2 loaders.py:96] using dataset: "ImageNet:split=VAL:root=/cache/ma-user/VTBenchLab/data/imagenet1k:extra=/cache/ma-user/VTBenchLab/data/imagenet1k/extra"
I20260912 14:42:04 99442 dinov2 loaders.py:101] # of dataset samples: 50,000
I20260912 14:42:05 99442 dinov2 linear_probe.py:877] Protocol: {"backbone_precision": "float32", "base_learning_rates": [0.0001, 0.0002, 0.0005, 0.001, 0.002, 0.005, 0.01, 0.02, 0.05, 0.1, 0.2, 0.3, 0.5], "bias": true, "budget_scope": "5,000 frozen-tokenizer training forwards; official validation forwards are reported separately", "checkpoint_paths": ["/cache/ma-user/VTBenchLab/TokBench/tokenizer_modelzoo/RAEv2-models/encoders/dinov3/dinov3_vitl16_pretrain_lvd1689m-8aa4cbdd.pth", "/cache/ma-user/VTBenchLab/TokBench/tokenizer_modelzoo/RAEv2-models/stage1/imagenet/dinov3l-k7/stats.pt", "/cache/ma-user/VTBenchLab/TokBench/tokenzier_vae_scripts/image_scripts/RAEv2", "/cache/ma-user/VTBenchLab/TokBench/tokenzier_vae_scripts/image_scripts/dinov3"], "cuda_matmul_tf32": true, "cudnn_tf32": true, "dataset": "ImageNet-1k", "effective_learning_rates": [0.000390625, 0.00078125, 0.001953125, 0.00390625, 0.0078125, 0.01953125, 0.0390625, 0.078125, 0.1953125, 0.390625, 0.78125, 1.171875, 1.953125], "epoch_length_updates": 5, "epochs": 1, "eval_period_updates": 5, "feature_extraction_microbatch_size": 128, "feature_microbatch_semantics": "frozen backbone only; concatenate one FP32 [global_batch,D] tensor before linear heads", "feature_normalization": false, "fingerprint": "3c37ea75304fd1df27d22e9e996419ffeac8dcc52851ae8f8045523ee0e0ce5a", "global_batch_size": 1000, "gradient_accumulation_steps": 1, "head_bias_init": 0.0, "head_weight_init": "normal(mean=0,std=0.01)", "linear_head_precision": "float32", "loss": "cross_entropy", "lr_scaling": "effective_lr = base_lr * global_batch_size / 256", "lr_schedule": "cosine_to_zero", "max_updates": 5, "model": "raev2_dinov3l_k7", "model_rank": 51, "momentum": 0.9, "multi_block_search": false, "num_classes": 1000, "official_train_samples": 1281167, "optimizer": "SGD", "probe_head": "Linear", "probe_head_source": "scripts/linear_probe_tokenizers/linear_probe.py", "readout_search": false, "representation": "spatial mean of the normalized RAEv2 DINOv3-L/16 K=7 multi-layer tokenizer latent", "samples_drawn_per_epoch": 5000, "seed": 0, "shots_per_class": 5, "single_gpu": true, "support_indices_sha256": "681151991440c47050719cb1908502ca841f995f0965577403e9f163a99abf8f", "support_seed": 0, "train_samples": 5000, "train_sampling": "exactly 5 distinct images per class without replacement", "train_split": "fixed class-balanced subset of official train", "transform": "train=RandomResizedCrop(256)+HorizontalFlip(0.5), eval=Resize(256)+CenterCrop(256), transform output in [0,1]; encoder-internal normalization mean=(0.485, 0.456, 0.406), std=(0.229, 0.224, 0.225)", "validation_batch_size": 1024, "validation_feature_extraction_microbatch_size": 128, "validation_samples": 50000, "validation_split": "official ImageNet-1k validation (50,000 images)", "version": "tokenizer_linear_probe_imagenet_5shot_1epoch_v1", "vision_encoder": "raev2_dinov3l_k7", "warmup_updates": 0, "weight_decay": 0.0}
I20260912 14:42:05 99442 dinov2 linear_probe.py:878] Feature dimension=1024; heads=13
I20260912 14:42:05 99442 fvcore.common.checkpoint checkpoint.py:148] No checkpoint found. Initializing model from scratch
I20260912 14:42:05 99442 dinov2 loaders.py:134] sampler: sharded infinite
I20260912 14:42:05 99442 dinov2 loaders.py:218] using PyTorch data loader
I20260912 14:42:05 99442 dinov2 loaders.py:233] infinite data loader
I20260912 14:42:05 99442 dinov2 loaders.py:159] sampler: distributed
I20260912 14:42:05 99442 dinov2 loaders.py:218] using PyTorch data loader
I20260912 14:42:05 99442 dinov2 loaders.py:231] # of batches: 49
I20260912 14:42:05 99442 dinov2 linear_probe.py:924] Starting raev2_dinov3l_k7 from update 0/5 with requested cutoff epoch=1 (5 updates), optimization global batch 1000, and frozen-backbone feature microbatch 128 (validation 128)
I20260912 14:42:14 99442 dinov2 helpers.py:102] Training  [0/5]  eta: 0:00:45  loss: 90.1873 (90.1873)  lr: 0.0004 (0.0004)  time: 9.054787  data: 5.679966  max mem: 3635
I20260912 14:42:25 99442 dinov2 helpers.py:102] Training  [4/5]  eta: 0:00:04  loss: 90.1873 (90.1873)  lr: 0.0004 (0.0004)  time: 4.000300  data: 1.144197  max mem: 3745
I20260912 14:42:25 99442 dinov2 helpers.py:130] Training Total time: 0:00:20 (4.000681 s / it)
I20260912 14:42:28 99442 dinov2 linear_probe.py:1015] Released training batches and DataLoader workers before cutoff validation
I20260912 14:42:28 99442 fvcore.common.checkpoint checkpoint.py:124] Saving checkpoint to /cache/ma-user/VTBenchLab/outputs/vae_linear_probing_match_budget_5shot/raev2_dinov3l_k7/model_final.pth
I20260912 14:42:57 99442 dinov2 helpers.py:102] Test:  [ 0/49]  eta: 0:23:21    time: 28.591961  data: 25.088213  max mem: 4367
I20260912 14:47:45 99442 dinov2 helpers.py:102] Test:  [10/49]  eta: 0:18:44    time: 28.820532  data: 25.997608  max mem: 4376
I20260912 14:52:29 99442 dinov2 helpers.py:102] Test:  [20/49]  eta: 0:13:50    time: 28.647146  data: 25.893116  max mem: 4376
I20260912 14:57:12 99442 dinov2 helpers.py:102] Test:  [30/49]  eta: 0:09:01    time: 28.328686  data: 25.575741  max mem: 4376
I20260912 15:01:56 99442 dinov2 helpers.py:102] Test:  [40/49]  eta: 0:04:16    time: 28.345493  data: 25.593777  max mem: 4376
I20260912 15:05:41 99442 dinov2 helpers.py:102] Test:  [48/49]  eta: 0:00:28    time: 28.281103  data: 25.553391  max mem: 4376
I20260912 15:05:41 99442 dinov2 helpers.py:130] Test: Total time: 0:23:12 (28.423797 s / it)
I20260912 15:05:41 99442 dinov2 utils.py:83] Averaged stats: 
I20260912 15:05:41 99442 dinov2 linear_probe.py:799] Validation at update 5: best={'name': 'classifier_fixed_readout_lr_1_953125', 'accuracy': 0.36673998832702637, 'top5_accuracy': 0.6289399862289429, 'base_lr': 0.5, 'configured_lr': 0.5, 'effective_lr': 1.953125, 'lr_boundary': 'high', 'readout': 'fixed_preselected_representation'}
I20260912 15:05:41 99442 dinov2 linear_probe.py:1049] Final result: {'name': 'classifier_fixed_readout_lr_1_953125', 'accuracy': 0.36673998832702637, 'top5_accuracy': 0.6289399862289429, 'base_lr': 0.5, 'configured_lr': 0.5, 'effective_lr': 1.953125, 'lr_boundary': 'high', 'readout': 'fixed_preselected_representation'}
>> ImageNet-1K 5-shot/1-epoch tokenizer probing: webssl_dino1b_full2b_224
   support=5/class (5,000 total); optimization batch=1,000; updates=5
   Pixio/Web-SSL-MAE head=non-affine BN -> Linear; all others=Linear
   train_workers=8; eval_workers=0; eval_batch=1,024
   output_root=/cache/ma-user/VTBenchLab/outputs/vae_linear_probing_match_budget_5shot
Could not import `tifffile`, TIFFImageDataDecoder will be disabled
/home/ma-user/miniconda3/envs/dino/lib/python3.10/site-packages/transformers/utils/hub.py:110: FutureWarning: Using `TRANSFORMERS_CACHE` is deprecated and will be removed in v5 of Transformers. Use `HF_HOME` instead.
  warnings.warn(
modelarts-job-370bef21-a30e-4505-8309-fc1c6a0498a9-worker-0:115584:115584 [0] NCCL INFO Bootstrap : Using eth0:172.16.1.54<0>
modelarts-job-370bef21-a30e-4505-8309-fc1c6a0498a9-worker-0:115584:115584 [0] NCCL INFO Plugin name set by env to libnccl-net-none.so
modelarts-job-370bef21-a30e-4505-8309-fc1c6a0498a9-worker-0:115584:115584 [0] NCCL INFO NET/Plugin : dlerror=libnccl-net-none.so: cannot open shared object file: No such file or directory No plugin found (libnccl-net-none.so), using internal implementation
modelarts-job-370bef21-a30e-4505-8309-fc1c6a0498a9-worker-0:115584:115584 [0] NCCL INFO cudaDriverVersion 12040
NCCL version 2.20.5+cuda12.4
modelarts-job-370bef21-a30e-4505-8309-fc1c6a0498a9-worker-0:115584:115779 [0] NCCL INFO NET/IB : Using [0]={[0] mlx5_0:1/RoCE, [1] mlx5_1:1/RoCE} [1]={[2] mlx5_2:1/RoCE, [3] mlx5_3:1/RoCE} [2]={[4] mlx5_4:1/RoCE, [5] mlx5_5:1/RoCE} [3]={[6] mlx5_6:1/RoCE, [7] mlx5_7:1/RoCE} [RO]; OOB eth0:172.16.1.54<0>
modelarts-job-370bef21-a30e-4505-8309-fc1c6a0498a9-worker-0:115584:115779 [0] NCCL INFO Using non-device net plugin version 0
modelarts-job-370bef21-a30e-4505-8309-fc1c6a0498a9-worker-0:115584:115779 [0] NCCL INFO Using network IB
modelarts-job-370bef21-a30e-4505-8309-fc1c6a0498a9-worker-0:115584:115779 [0] NCCL INFO comm 0x561633230820 rank 0 nranks 1 cudaDev 0 nvmlDev 0 busId 5e000 commId 0xb8dd854aad06ebf7 - Init START
modelarts-job-370bef21-a30e-4505-8309-fc1c6a0498a9-worker-0:115584:115779 [0] NCCL INFO Setting affinity for GPU 0 to ffffffff,00000000,ffffffff
modelarts-job-370bef21-a30e-4505-8309-fc1c6a0498a9-worker-0:115584:115779 [0] NCCL INFO comm 0x561633230820 rank 0 nRanks 1 nNodes 1 localRanks 1 localRank 0 MNNVL 0
modelarts-job-370bef21-a30e-4505-8309-fc1c6a0498a9-worker-0:115584:115779 [0] NCCL INFO Channel 00/32 :    0
modelarts-job-370bef21-a30e-4505-8309-fc1c6a0498a9-worker-0:115584:115779 [0] NCCL INFO Channel 01/32 :    0
modelarts-job-370bef21-a30e-4505-8309-fc1c6a0498a9-worker-0:115584:115779 [0] NCCL INFO Channel 02/32 :    0
modelarts-job-370bef21-a30e-4505-8309-fc1c6a0498a9-worker-0:115584:115779 [0] NCCL INFO Channel 03/32 :    0
modelarts-job-370bef21-a30e-4505-8309-fc1c6a0498a9-worker-0:115584:115779 [0] NCCL INFO Channel 04/32 :    0
modelarts-job-370bef21-a30e-4505-8309-fc1c6a0498a9-worker-0:115584:115779 [0] NCCL INFO Channel 05/32 :    0
modelarts-job-370bef21-a30e-4505-8309-fc1c6a0498a9-worker-0:115584:115779 [0] NCCL INFO Channel 06/32 :    0
modelarts-job-370bef21-a30e-4505-8309-fc1c6a0498a9-worker-0:115584:115779 [0] NCCL INFO Channel 07/32 :    0
modelarts-job-370bef21-a30e-4505-8309-fc1c6a0498a9-worker-0:115584:115779 [0] NCCL INFO Channel 08/32 :    0
modelarts-job-370bef21-a30e-4505-8309-fc1c6a0498a9-worker-0:115584:115779 [0] NCCL INFO Channel 09/32 :    0
modelarts-job-370bef21-a30e-4505-8309-fc1c6a0498a9-worker-0:115584:115779 [0] NCCL INFO Channel 10/32 :    0
modelarts-job-370bef21-a30e-4505-8309-fc1c6a0498a9-worker-0:115584:115779 [0] NCCL INFO Channel 11/32 :    0
modelarts-job-370bef21-a30e-4505-8309-fc1c6a0498a9-worker-0:115584:115779 [0] NCCL INFO Channel 12/32 :    0
modelarts-job-370bef21-a30e-4505-8309-fc1c6a0498a9-worker-0:115584:115779 [0] NCCL INFO Channel 13/32 :    0
modelarts-job-370bef21-a30e-4505-8309-fc1c6a0498a9-worker-0:115584:115779 [0] NCCL INFO Channel 14/32 :    0
modelarts-job-370bef21-a30e-4505-8309-fc1c6a0498a9-worker-0:115584:115779 [0] NCCL INFO Channel 15/32 :    0
modelarts-job-370bef21-a30e-4505-8309-fc1c6a0498a9-worker-0:115584:115779 [0] NCCL INFO Channel 16/32 :    0
modelarts-job-370bef21-a30e-4505-8309-fc1c6a0498a9-worker-0:115584:115779 [0] NCCL INFO Channel 17/32 :    0
modelarts-job-370bef21-a30e-4505-8309-fc1c6a0498a9-worker-0:115584:115779 [0] NCCL INFO Channel 18/32 :    0
modelarts-job-370bef21-a30e-4505-8309-fc1c6a0498a9-worker-0:115584:115779 [0] NCCL INFO Channel 19/32 :    0
modelarts-job-370bef21-a30e-4505-8309-fc1c6a0498a9-worker-0:115584:115779 [0] NCCL INFO Channel 20/32 :    0
modelarts-job-370bef21-a30e-4505-8309-fc1c6a0498a9-worker-0:115584:115779 [0] NCCL INFO Channel 21/32 :    0
modelarts-job-370bef21-a30e-4505-8309-fc1c6a0498a9-worker-0:115584:115779 [0] NCCL INFO Channel 22/32 :    0
modelarts-job-370bef21-a30e-4505-8309-fc1c6a0498a9-worker-0:115584:115779 [0] NCCL INFO Channel 23/32 :    0
modelarts-job-370bef21-a30e-4505-8309-fc1c6a0498a9-worker-0:115584:115779 [0] NCCL INFO Channel 24/32 :    0
modelarts-job-370bef21-a30e-4505-8309-fc1c6a0498a9-worker-0:115584:115779 [0] NCCL INFO Channel 25/32 :    0
modelarts-job-370bef21-a30e-4505-8309-fc1c6a0498a9-worker-0:115584:115779 [0] NCCL INFO Channel 26/32 :    0
modelarts-job-370bef21-a30e-4505-8309-fc1c6a0498a9-worker-0:115584:115779 [0] NCCL INFO Channel 27/32 :    0
modelarts-job-370bef21-a30e-4505-8309-fc1c6a0498a9-worker-0:115584:115779 [0] NCCL INFO Channel 28/32 :    0
modelarts-job-370bef21-a30e-4505-8309-fc1c6a0498a9-worker-0:115584:115779 [0] NCCL INFO Channel 29/32 :    0
modelarts-job-370bef21-a30e-4505-8309-fc1c6a0498a9-worker-0:115584:115779 [0] NCCL INFO Channel 30/32 :    0
modelarts-job-370bef21-a30e-4505-8309-fc1c6a0498a9-worker-0:115584:115779 [0] NCCL INFO Channel 31/32 :    0
modelarts-job-370bef21-a30e-4505-8309-fc1c6a0498a9-worker-0:115584:115779 [0] NCCL INFO Trees [0] -1/-1/-1->0->-1 [1] -1/-1/-1->0->-1 [2] -1/-1/-1->0->-1 [3] -1/-1/-1->0->-1 [4] -1/-1/-1->0->-1 [5] -1/-1/-1->0->-1 [6] -1/-1/-1->0->-1 [7] -1/-1/-1->0->-1 [8] -1/-1/-1->0->-1 [9] -1/-1/-1->0->-1 [10] -1/-1/-1->0->-1 [11] -1/-1/-1->0->-1 [12] -1/-1/-1->0->-1 [13] -1/-1/-1->0->-1 [14] -1/-1/-1->0->-1 [15] -1/-1/-1->0->-1 [16] -1/-1/-1->0->-1 [17] -1/-1/-1->0->-1 [18] -1/-1/-1->0->-1 [19] -1/-1/-1->0->-1 [20] -1/-1/-1->0->-1 [21] -1/-1/-1->0->-1 [22] -1/-1/-1->0->-1 [23] -1/-1/-1->0->-1 [24] -1/-1/-1->0->-1 [25] -1/-1/-1->0->-1 [26] -1/-1/-1->0->-1 [27] -1/-1/-1->0->-1 [28] -1/-1/-1->0->-1 [29] -1/-1/-1->0->-1 [30] -1/-1/-1->0->-1 [31] -1/-1/-1->0->-1
modelarts-job-370bef21-a30e-4505-8309-fc1c6a0498a9-worker-0:115584:115779 [0] NCCL INFO P2P Chunksize set to 131072
modelarts-job-370bef21-a30e-4505-8309-fc1c6a0498a9-worker-0:115584:115779 [0] NCCL INFO Connected all rings
modelarts-job-370bef21-a30e-4505-8309-fc1c6a0498a9-worker-0:115584:115779 [0] NCCL INFO Connected all trees
modelarts-job-370bef21-a30e-4505-8309-fc1c6a0498a9-worker-0:115584:115779 [0] NCCL INFO 32 coll channels, 0 collnet channels, 0 nvls channels, 32 p2p channels, 32 p2p channels per peer
modelarts-job-370bef21-a30e-4505-8309-fc1c6a0498a9-worker-0:115584:115779 [0] NCCL INFO comm 0x561633230820 rank 0 nranks 1 cudaDev 0 nvmlDev 0 busId 5e000 commId 0xb8dd854aad06ebf7 - Init COMPLETE
`torch_dtype` is deprecated! Use `dtype` instead!
Using a slow image processor as `use_fast` is unset and a slow processor was saved with this model. `use_fast=True` will be the default behavior in v4.52, even if the model was saved with a slow processor. This will result in minor differences in outputs. You'll still be able to use a slow processor with `use_fast=False`.
I20260912 15:05:55 115584 dinov2 loaders.py:96] using dataset: "ImageNet:split=TRAIN:root=/cache/ma-user/VTBenchLab/data/imagenet1k:extra=/cache/ma-user/VTBenchLab/data/imagenet1k/extra"
I20260912 15:05:55 115584 dinov2 loaders.py:101] # of dataset samples: 1,281,167
I20260912 15:05:56 115584 dinov2 loaders.py:96] using dataset: "ImageNet:split=VAL:root=/cache/ma-user/VTBenchLab/data/imagenet1k:extra=/cache/ma-user/VTBenchLab/data/imagenet1k/extra"
I20260912 15:05:56 115584 dinov2 loaders.py:101] # of dataset samples: 50,000
I20260912 15:05:57 115584 dinov2 linear_probe.py:877] Protocol: {"backbone_precision": "bfloat16 weights and autocast", "base_learning_rates": [0.0001, 0.0002, 0.0005, 0.001, 0.002, 0.005, 0.01, 0.02, 0.05, 0.1, 0.2, 0.3, 0.5], "bias": true, "budget_scope": "5,000 frozen-tokenizer training forwards; official validation forwards are reported separately", "checkpoint_paths": ["/cache/ma-user/VTBenchLab/TokBench/tokenizer_modelzoo/continuous/webssl-dino1b-full2b-224/model.safetensors", "/cache/ma-user/VTBenchLab/TokBench/tokenizer_modelzoo/continuous/webssl-dino1b-full2b-224/config.json", "/cache/ma-user/VTBenchLab/TokBench/tokenizer_modelzoo/continuous/webssl-dino1b-full2b-224/preprocessor_config.json"], "cuda_matmul_tf32": true, "cudnn_tf32": true, "dataset": "ImageNet-1k", "effective_learning_rates": [0.000390625, 0.00078125, 0.001953125, 0.00390625, 0.0078125, 0.01953125, 0.0390625, 0.078125, 0.1953125, 0.390625, 0.78125, 1.171875, 1.953125], "epoch_length_updates": 5, "epochs": 1, "eval_period_updates": 5, "feature_extraction_microbatch_size": 32, "feature_microbatch_semantics": "frozen backbone only; concatenate one FP32 [global_batch,D] tensor before linear heads", "feature_normalization": false, "fingerprint": "0478385cb35d2cc5a8a656f9d00f127b43418549bc8626895747f6a6240a893b", "global_batch_size": 1000, "gradient_accumulation_steps": 1, "head_bias_init": 0.0, "head_weight_init": "normal(mean=0,std=0.01)", "linear_head_precision": "float32", "loss": "cross_entropy", "lr_scaling": "effective_lr = base_lr * global_batch_size / 256", "lr_schedule": "cosine_to_zero", "max_updates": 5, "model": "webssl_dino1b_full2b_224", "model_rank": 67, "momentum": 0.9, "multi_block_search": false, "num_classes": 1000, "official_train_samples": 1281167, "optimizer": "SGD", "probe_head": "Linear", "probe_head_source": "scripts/linear_probe_tokenizers/linear_probe.py", "readout_search": false, "representation": "concat(final normalized CLS, mean(final normalized patch tokens)); excludes 0 register token(s)", "samples_drawn_per_epoch": 5000, "seed": 0, "shots_per_class": 5, "single_gpu": true, "support_indices_sha256": "681151991440c47050719cb1908502ca841f995f0965577403e9f163a99abf8f", "support_seed": 0, "train_samples": 5000, "train_sampling": "exactly 5 distinct images per class without replacement", "train_split": "fixed class-balanced subset of official train", "transform": "train=RandomResizedCrop(224)+HorizontalFlip(0.5), eval=Resize(224)+CenterCrop(224), mean=(0.485, 0.456, 0.406), std=(0.229, 0.224, 0.225)", "validation_batch_size": 1024, "validation_feature_extraction_microbatch_size": 32, "validation_samples": 50000, "validation_split": "official ImageNet-1k validation (50,000 images)", "version": "tokenizer_linear_probe_imagenet_5shot_1epoch_v1", "vision_encoder": "webssl_dino1b_full2b_224", "warmup_updates": 0, "weight_decay": 0.0}
I20260912 15:05:57 115584 dinov2 linear_probe.py:878] Feature dimension=3072; heads=13
I20260912 15:05:57 115584 fvcore.common.checkpoint checkpoint.py:148] No checkpoint found. Initializing model from scratch
I20260912 15:05:57 115584 dinov2 loaders.py:134] sampler: sharded infinite
I20260912 15:05:57 115584 dinov2 loaders.py:218] using PyTorch data loader
I20260912 15:05:57 115584 dinov2 loaders.py:233] infinite data loader
I20260912 15:05:57 115584 dinov2 loaders.py:159] sampler: distributed
I20260912 15:05:57 115584 dinov2 loaders.py:218] using PyTorch data loader
I20260912 15:05:57 115584 dinov2 loaders.py:231] # of batches: 49
I20260912 15:05:57 115584 dinov2 linear_probe.py:924] Starting webssl_dino1b_full2b_224 from update 0/5 with requested cutoff epoch=1 (5 updates), optimization global batch 1000, and frozen-backbone feature microbatch 32 (validation 32)
I20260912 15:06:13 115584 dinov2 helpers.py:102] Training  [0/5]  eta: 0:01:14  loss: 92.8353 (92.8353)  lr: 0.0004 (0.0004)  time: 14.909616  data: 7.095379  max mem: 2809
I20260912 15:06:29 115584 dinov2 helpers.py:102] Training  [4/5]  eta: 0:00:06  loss: 92.8353 (92.8353)  lr: 0.0004 (0.0004)  time: 6.358525  data: 1.427722  max mem: 3123
I20260912 15:06:29 115584 dinov2 helpers.py:130] Training Total time: 0:00:31 (6.358861 s / it)
I20260912 15:06:30 115584 dinov2 linear_probe.py:1015] Released training batches and DataLoader workers before cutoff validation
I20260912 15:06:30 115584 fvcore.common.checkpoint checkpoint.py:124] Saving checkpoint to /cache/ma-user/VTBenchLab/outputs/vae_linear_probing_match_budget_5shot/webssl_dino1b_full2b_224/model_final.pth
I20260912 15:07:02 115584 dinov2 helpers.py:102] Test:  [ 0/49]  eta: 0:26:01    time: 31.872604  data: 27.449451  max mem: 3540
I20260912 15:12:01 115584 dinov2 helpers.py:102] Test:  [10/49]  eta: 0:19:32    time: 30.055098  data: 25.685616  max mem: 3683
I20260912 15:16:49 115584 dinov2 helpers.py:102] Test:  [20/49]  eta: 0:14:14    time: 29.361324  data: 25.003149  max mem: 3683
I20260912 15:21:42 115584 dinov2 helpers.py:102] Test:  [30/49]  eta: 0:09:18    time: 29.070751  data: 24.715580  max mem: 3683
I20260912 15:26:38 115584 dinov2 helpers.py:102] Test:  [40/49]  eta: 0:04:25    time: 29.429819  data: 25.074121  max mem: 3683
I20260912 15:30:28 115584 dinov2 helpers.py:102] Test:  [48/49]  eta: 0:00:29    time: 29.206661  data: 24.889334  max mem: 3683
I20260912 15:30:28 115584 dinov2 helpers.py:130] Test: Total time: 0:23:57 (29.340148 s / it)
I20260912 15:30:28 115584 dinov2 utils.py:83] Averaged stats: 
I20260912 15:30:28 115584 dinov2 linear_probe.py:799] Validation at update 5: best={'name': 'classifier_fixed_readout_lr_0_78125', 'accuracy': 0.35975998640060425, 'top5_accuracy': 0.5794399976730347, 'base_lr': 0.2, 'configured_lr': 0.2, 'effective_lr': 0.78125, 'lr_boundary': 'interior', 'readout': 'fixed_preselected_representation'}
I20260912 15:30:28 115584 dinov2 linear_probe.py:1049] Final result: {'name': 'classifier_fixed_readout_lr_0_78125', 'accuracy': 0.35975998640060425, 'top5_accuracy': 0.5794399976730347, 'base_lr': 0.2, 'configured_lr': 0.2, 'effective_lr': 0.78125, 'lr_boundary': 'interior', 'readout': 'fixed_preselected_representation'}
>> ImageNet-1K 5-shot/1-epoch tokenizer probing: webssl_mae1b_full2b_224
   support=5/class (5,000 total); optimization batch=1,000; updates=5
   Pixio/Web-SSL-MAE head=non-affine BN -> Linear; all others=Linear
   train_workers=8; eval_workers=0; eval_batch=1,024
   output_root=/cache/ma-user/VTBenchLab/outputs/vae_linear_probing_match_budget_5shot
Could not import `tifffile`, TIFFImageDataDecoder will be disabled
/home/ma-user/miniconda3/envs/dino/lib/python3.10/site-packages/transformers/utils/hub.py:110: FutureWarning: Using `TRANSFORMERS_CACHE` is deprecated and will be removed in v5 of Transformers. Use `HF_HOME` instead.
  warnings.warn(
modelarts-job-370bef21-a30e-4505-8309-fc1c6a0498a9-worker-0:132836:132836 [0] NCCL INFO Bootstrap : Using eth0:172.16.1.54<0>
modelarts-job-370bef21-a30e-4505-8309-fc1c6a0498a9-worker-0:132836:132836 [0] NCCL INFO Plugin name set by env to libnccl-net-none.so
modelarts-job-370bef21-a30e-4505-8309-fc1c6a0498a9-worker-0:132836:132836 [0] NCCL INFO NET/Plugin : dlerror=libnccl-net-none.so: cannot open shared object file: No such file or directory No plugin found (libnccl-net-none.so), using internal implementation
modelarts-job-370bef21-a30e-4505-8309-fc1c6a0498a9-worker-0:132836:132836 [0] NCCL INFO cudaDriverVersion 12040
NCCL version 2.20.5+cuda12.4
modelarts-job-370bef21-a30e-4505-8309-fc1c6a0498a9-worker-0:132836:133031 [0] NCCL INFO NET/IB : Using [0]={[0] mlx5_0:1/RoCE, [1] mlx5_1:1/RoCE} [1]={[2] mlx5_2:1/RoCE, [3] mlx5_3:1/RoCE} [2]={[4] mlx5_4:1/RoCE, [5] mlx5_5:1/RoCE} [3]={[6] mlx5_6:1/RoCE, [7] mlx5_7:1/RoCE} [RO]; OOB eth0:172.16.1.54<0>
modelarts-job-370bef21-a30e-4505-8309-fc1c6a0498a9-worker-0:132836:133031 [0] NCCL INFO Using non-device net plugin version 0
modelarts-job-370bef21-a30e-4505-8309-fc1c6a0498a9-worker-0:132836:133031 [0] NCCL INFO Using network IB
modelarts-job-370bef21-a30e-4505-8309-fc1c6a0498a9-worker-0:132836:133031 [0] NCCL INFO comm 0x559d058ad790 rank 0 nranks 1 cudaDev 0 nvmlDev 0 busId 5e000 commId 0x1bb1c6995bc93d51 - Init START
modelarts-job-370bef21-a30e-4505-8309-fc1c6a0498a9-worker-0:132836:133031 [0] NCCL INFO Setting affinity for GPU 0 to ffffffff,00000000,ffffffff
modelarts-job-370bef21-a30e-4505-8309-fc1c6a0498a9-worker-0:132836:133031 [0] NCCL INFO comm 0x559d058ad790 rank 0 nRanks 1 nNodes 1 localRanks 1 localRank 0 MNNVL 0
modelarts-job-370bef21-a30e-4505-8309-fc1c6a0498a9-worker-0:132836:133031 [0] NCCL INFO Channel 00/32 :    0
modelarts-job-370bef21-a30e-4505-8309-fc1c6a0498a9-worker-0:132836:133031 [0] NCCL INFO Channel 01/32 :    0
modelarts-job-370bef21-a30e-4505-8309-fc1c6a0498a9-worker-0:132836:133031 [0] NCCL INFO Channel 02/32 :    0
modelarts-job-370bef21-a30e-4505-8309-fc1c6a0498a9-worker-0:132836:133031 [0] NCCL INFO Channel 03/32 :    0
modelarts-job-370bef21-a30e-4505-8309-fc1c6a0498a9-worker-0:132836:133031 [0] NCCL INFO Channel 04/32 :    0
modelarts-job-370bef21-a30e-4505-8309-fc1c6a0498a9-worker-0:132836:133031 [0] NCCL INFO Channel 05/32 :    0
modelarts-job-370bef21-a30e-4505-8309-fc1c6a0498a9-worker-0:132836:133031 [0] NCCL INFO Channel 06/32 :    0
modelarts-job-370bef21-a30e-4505-8309-fc1c6a0498a9-worker-0:132836:133031 [0] NCCL INFO Channel 07/32 :    0
modelarts-job-370bef21-a30e-4505-8309-fc1c6a0498a9-worker-0:132836:133031 [0] NCCL INFO Channel 08/32 :    0
modelarts-job-370bef21-a30e-4505-8309-fc1c6a0498a9-worker-0:132836:133031 [0] NCCL INFO Channel 09/32 :    0
modelarts-job-370bef21-a30e-4505-8309-fc1c6a0498a9-worker-0:132836:133031 [0] NCCL INFO Channel 10/32 :    0
modelarts-job-370bef21-a30e-4505-8309-fc1c6a0498a9-worker-0:132836:133031 [0] NCCL INFO Channel 11/32 :    0
modelarts-job-370bef21-a30e-4505-8309-fc1c6a0498a9-worker-0:132836:133031 [0] NCCL INFO Channel 12/32 :    0
modelarts-job-370bef21-a30e-4505-8309-fc1c6a0498a9-worker-0:132836:133031 [0] NCCL INFO Channel 13/32 :    0
modelarts-job-370bef21-a30e-4505-8309-fc1c6a0498a9-worker-0:132836:133031 [0] NCCL INFO Channel 14/32 :    0
modelarts-job-370bef21-a30e-4505-8309-fc1c6a0498a9-worker-0:132836:133031 [0] NCCL INFO Channel 15/32 :    0
modelarts-job-370bef21-a30e-4505-8309-fc1c6a0498a9-worker-0:132836:133031 [0] NCCL INFO Channel 16/32 :    0
modelarts-job-370bef21-a30e-4505-8309-fc1c6a0498a9-worker-0:132836:133031 [0] NCCL INFO Channel 17/32 :    0
modelarts-job-370bef21-a30e-4505-8309-fc1c6a0498a9-worker-0:132836:133031 [0] NCCL INFO Channel 18/32 :    0
modelarts-job-370bef21-a30e-4505-8309-fc1c6a0498a9-worker-0:132836:133031 [0] NCCL INFO Channel 19/32 :    0
modelarts-job-370bef21-a30e-4505-8309-fc1c6a0498a9-worker-0:132836:133031 [0] NCCL INFO Channel 20/32 :    0
modelarts-job-370bef21-a30e-4505-8309-fc1c6a0498a9-worker-0:132836:133031 [0] NCCL INFO Channel 21/32 :    0
modelarts-job-370bef21-a30e-4505-8309-fc1c6a0498a9-worker-0:132836:133031 [0] NCCL INFO Channel 22/32 :    0
modelarts-job-370bef21-a30e-4505-8309-fc1c6a0498a9-worker-0:132836:133031 [0] NCCL INFO Channel 23/32 :    0
modelarts-job-370bef21-a30e-4505-8309-fc1c6a0498a9-worker-0:132836:133031 [0] NCCL INFO Channel 24/32 :    0
modelarts-job-370bef21-a30e-4505-8309-fc1c6a0498a9-worker-0:132836:133031 [0] NCCL INFO Channel 25/32 :    0
modelarts-job-370bef21-a30e-4505-8309-fc1c6a0498a9-worker-0:132836:133031 [0] NCCL INFO Channel 26/32 :    0
modelarts-job-370bef21-a30e-4505-8309-fc1c6a0498a9-worker-0:132836:133031 [0] NCCL INFO Channel 27/32 :    0
modelarts-job-370bef21-a30e-4505-8309-fc1c6a0498a9-worker-0:132836:133031 [0] NCCL INFO Channel 28/32 :    0
modelarts-job-370bef21-a30e-4505-8309-fc1c6a0498a9-worker-0:132836:133031 [0] NCCL INFO Channel 29/32 :    0
modelarts-job-370bef21-a30e-4505-8309-fc1c6a0498a9-worker-0:132836:133031 [0] NCCL INFO Channel 30/32 :    0
modelarts-job-370bef21-a30e-4505-8309-fc1c6a0498a9-worker-0:132836:133031 [0] NCCL INFO Channel 31/32 :    0
modelarts-job-370bef21-a30e-4505-8309-fc1c6a0498a9-worker-0:132836:133031 [0] NCCL INFO Trees [0] -1/-1/-1->0->-1 [1] -1/-1/-1->0->-1 [2] -1/-1/-1->0->-1 [3] -1/-1/-1->0->-1 [4] -1/-1/-1->0->-1 [5] -1/-1/-1->0->-1 [6] -1/-1/-1->0->-1 [7] -1/-1/-1->0->-1 [8] -1/-1/-1->0->-1 [9] -1/-1/-1->0->-1 [10] -1/-1/-1->0->-1 [11] -1/-1/-1->0->-1 [12] -1/-1/-1->0->-1 [13] -1/-1/-1->0->-1 [14] -1/-1/-1->0->-1 [15] -1/-1/-1->0->-1 [16] -1/-1/-1->0->-1 [17] -1/-1/-1->0->-1 [18] -1/-1/-1->0->-1 [19] -1/-1/-1->0->-1 [20] -1/-1/-1->0->-1 [21] -1/-1/-1->0->-1 [22] -1/-1/-1->0->-1 [23] -1/-1/-1->0->-1 [24] -1/-1/-1->0->-1 [25] -1/-1/-1->0->-1 [26] -1/-1/-1->0->-1 [27] -1/-1/-1->0->-1 [28] -1/-1/-1->0->-1 [29] -1/-1/-1->0->-1 [30] -1/-1/-1->0->-1 [31] -1/-1/-1->0->-1
modelarts-job-370bef21-a30e-4505-8309-fc1c6a0498a9-worker-0:132836:133031 [0] NCCL INFO P2P Chunksize set to 131072
modelarts-job-370bef21-a30e-4505-8309-fc1c6a0498a9-worker-0:132836:133031 [0] NCCL INFO Connected all rings
modelarts-job-370bef21-a30e-4505-8309-fc1c6a0498a9-worker-0:132836:133031 [0] NCCL INFO Connected all trees
modelarts-job-370bef21-a30e-4505-8309-fc1c6a0498a9-worker-0:132836:133031 [0] NCCL INFO 32 coll channels, 0 collnet channels, 0 nvls channels, 32 p2p channels, 32 p2p channels per peer
modelarts-job-370bef21-a30e-4505-8309-fc1c6a0498a9-worker-0:132836:133031 [0] NCCL INFO comm 0x559d058ad790 rank 0 nranks 1 cudaDev 0 nvmlDev 0 busId 5e000 commId 0x1bb1c6995bc93d51 - Init COMPLETE
`torch_dtype` is deprecated! Use `dtype` instead!
Using a slow image processor as `use_fast` is unset and a slow processor was saved with this model. `use_fast=True` will be the default behavior in v4.52, even if the model was saved with a slow processor. This will result in minor differences in outputs. You'll still be able to use a slow processor with `use_fast=False`.
I20260912 15:30:43 132836 dinov2 loaders.py:96] using dataset: "ImageNet:split=TRAIN:root=/cache/ma-user/VTBenchLab/data/imagenet1k:extra=/cache/ma-user/VTBenchLab/data/imagenet1k/extra"
I20260912 15:30:43 132836 dinov2 loaders.py:101] # of dataset samples: 1,281,167
I20260912 15:30:44 132836 dinov2 loaders.py:96] using dataset: "ImageNet:split=VAL:root=/cache/ma-user/VTBenchLab/data/imagenet1k:extra=/cache/ma-user/VTBenchLab/data/imagenet1k/extra"
I20260912 15:30:44 132836 dinov2 loaders.py:101] # of dataset samples: 50,000
I20260912 15:30:44 132836 dinov2 linear_probe.py:877] Protocol: {"backbone_precision": "bfloat16 weights and autocast", "base_learning_rates": [0.0001, 0.0002, 0.0005, 0.001, 0.002, 0.005, 0.01, 0.02, 0.05, 0.1, 0.2, 0.3, 0.5], "batch_norm_affine": false, "batch_norm_applied_after_feature_microbatch_concatenation": true, "batch_norm_eps": 1e-06, "batch_norm_fixed_scale": 1.0, "batch_norm_fixed_shift": 0.0, "batch_norm_momentum": 0.1, "batch_norm_track_running_stats": true, "batch_norm_training_batch_size": 1000, "bias": true, "budget_scope": "5,000 frozen-tokenizer training forwards; official validation forwards are reported separately", "checkpoint_paths": ["/cache/ma-user/VTBenchLab/TokBench/tokenizer_modelzoo/continuous/webssl-mae1b-full2b-224/model.safetensors", "/cache/ma-user/VTBenchLab/TokBench/tokenizer_modelzoo/continuous/webssl-mae1b-full2b-224/config.json", "/cache/ma-user/VTBenchLab/TokBench/tokenizer_modelzoo/continuous/webssl-mae1b-full2b-224/preprocessor_config.json"], "cuda_matmul_tf32": true, "cudnn_tf32": true, "dataset": "ImageNet-1k", "effective_learning_rates": [0.000390625, 0.00078125, 0.001953125, 0.00390625, 0.0078125, 0.01953125, 0.0390625, 0.078125, 0.1953125, 0.390625, 0.78125, 1.171875, 1.953125], "epoch_length_updates": 5, "epochs": 1, "eval_period_updates": 5, "feature_extraction_microbatch_size": 32, "feature_microbatch_semantics": "frozen backbone only; concatenate one FP32 [global_batch,D] tensor before linear heads", "feature_normalization": true, "feature_normalization_placement": "immediately before each linear classifier", "feature_normalization_type": "BatchNorm1d", "fingerprint": "c1e9de92928fa3ce5657b14213ac8432defc4674c712da9711f1e327a17b800e", "global_batch_size": 1000, "gradient_accumulation_steps": 1, "head_bias_init": 0.0, "head_weight_init": "normal(mean=0,std=0.01)", "linear_head_precision": "float32", "loss": "cross_entropy", "lr_scaling": "effective_lr = base_lr * global_batch_size / 256", "lr_schedule": "cosine_to_zero", "max_updates": 5, "model": "webssl_mae1b_full2b_224", "model_rank": 68, "momentum": 0.9, "multi_block_search": false, "num_classes": 1000, "official_train_samples": 1281167, "optimizer": "SGD", "probe_head": "BatchNorm1d(affine=False)->Linear", "probe_head_source": "scripts/linear_probe_tokenizers_bn/linear_probe.py", "readout_search": false, "representation": "final normalized Web-MAE encoder CLS token", "samples_drawn_per_epoch": 5000, "seed": 0, "shots_per_class": 5, "single_gpu": true, "support_indices_sha256": "681151991440c47050719cb1908502ca841f995f0965577403e9f163a99abf8f", "support_seed": 0, "train_samples": 5000, "train_sampling": "exactly 5 distinct images per class without replacement", "train_split": "fixed class-balanced subset of official train", "transform": "train=RandomResizedCrop(224)+HorizontalFlip(0.5), eval=Resize(224)+CenterCrop(224), mean=(0.485, 0.456, 0.406), std=(0.229, 0.224, 0.225)", "validation_batch_size": 1024, "validation_feature_extraction_microbatch_size": 32, "validation_samples": 50000, "validation_split": "official ImageNet-1k validation (50,000 images)", "version": "tokenizer_linear_probe_imagenet_5shot_1epoch_v1", "vision_encoder": "webssl_mae1b_full2b_224", "warmup_updates": 0, "weight_decay": 0.0}
I20260912 15:30:44 132836 dinov2 linear_probe.py:878] Feature dimension=1536; heads=13
I20260912 15:30:44 132836 fvcore.common.checkpoint checkpoint.py:148] No checkpoint found. Initializing model from scratch
I20260912 15:30:44 132836 dinov2 loaders.py:134] sampler: sharded infinite
I20260912 15:30:44 132836 dinov2 loaders.py:218] using PyTorch data loader
I20260912 15:30:44 132836 dinov2 loaders.py:233] infinite data loader
I20260912 15:30:44 132836 dinov2 loaders.py:159] sampler: distributed
I20260912 15:30:44 132836 dinov2 loaders.py:218] using PyTorch data loader
I20260912 15:30:44 132836 dinov2 loaders.py:231] # of batches: 49
I20260912 15:30:44 132836 dinov2 linear_probe.py:924] Starting webssl_mae1b_full2b_224 from update 0/5 with requested cutoff epoch=1 (5 updates), optimization global batch 1000, and frozen-backbone feature microbatch 32 (validation 32)
I20260912 15:30:58 132836 dinov2 helpers.py:102] Training  [0/5]  eta: 0:01:09  loss: 90.8176 (90.8176)  lr: 0.0004 (0.0004)  time: 13.918868  data: 6.560315  max mem: 2721
I20260912 15:31:14 132836 dinov2 helpers.py:102] Training  [4/5]  eta: 0:00:05  loss: 90.8176 (90.8176)  lr: 0.0004 (0.0004)  time: 5.849813  data: 1.320892  max mem: 2883
I20260912 15:31:14 132836 dinov2 helpers.py:130] Training Total time: 0:00:29 (5.850272 s / it)
I20260912 15:31:14 132836 dinov2 linear_probe.py:1015] Released training batches and DataLoader workers before cutoff validation
I20260912 15:31:14 132836 fvcore.common.checkpoint checkpoint.py:124] Saving checkpoint to /cache/ma-user/VTBenchLab/outputs/vae_linear_probing_match_budget_5shot/webssl_mae1b_full2b_224_cls/model_final.pth
I20260912 15:31:47 132836 dinov2 helpers.py:102] Test:  [ 0/49]  eta: 0:26:30    time: 32.466949  data: 28.501898  max mem: 3376
I20260912 15:36:45 132836 dinov2 helpers.py:102] Test:  [10/49]  eta: 0:19:33    time: 30.085865  data: 26.131830  max mem: 3525
I20260912 15:41:36 132836 dinov2 helpers.py:102] Test:  [20/49]  eta: 0:14:18    time: 29.444803  data: 25.491829  max mem: 3525
I20260912 15:46:30 132836 dinov2 helpers.py:102] Test:  [30/49]  eta: 0:09:21    time: 29.225632  data: 25.273491  max mem: 3525
I20260912 15:51:25 132836 dinov2 helpers.py:102] Test:  [40/49]  eta: 0:04:25    time: 29.464371  data: 25.510279  max mem: 3525
I20260912 15:55:17 132836 dinov2 helpers.py:102] Test:  [48/49]  eta: 0:00:29    time: 29.336893  data: 25.413368  max mem: 3525
I20260912 15:55:17 132836 dinov2 helpers.py:130] Test: Total time: 0:24:02 (29.446629 s / it)
I20260912 15:55:17 132836 dinov2 utils.py:83] Averaged stats: 
I20260912 15:55:17 132836 dinov2 linear_probe.py:799] Validation at update 5: best={'name': 'classifier_fixed_readout_lr_1_953125', 'accuracy': 0.020519999787211418, 'top5_accuracy': 0.051020000129938126, 'base_lr': 0.5, 'configured_lr': 0.5, 'effective_lr': 1.953125, 'lr_boundary': 'high', 'readout': 'fixed_preselected_representation'}
I20260912 15:55:17 132836 dinov2 linear_probe.py:1049] Final result: {'name': 'classifier_fixed_readout_lr_1_953125', 'accuracy': 0.020519999787211418, 'top5_accuracy': 0.051020000129938126, 'base_lr': 0.5, 'configured_lr': 0.5, 'effective_lr': 1.953125, 'lr_boundary': 'high', 'readout': 'fixed_preselected_representation'}
>> ImageNet-1K 5-shot/1-epoch tokenizer probing: webssl_mae300m_full2b_224
   support=5/class (5,000 total); optimization batch=1,000; updates=5
   Pixio/Web-SSL-MAE head=non-affine BN -> Linear; all others=Linear
   train_workers=8; eval_workers=0; eval_batch=1,024
   output_root=/cache/ma-user/VTBenchLab/outputs/vae_linear_probing_match_budget_5shot
Could not import `tifffile`, TIFFImageDataDecoder will be disabled
/home/ma-user/miniconda3/envs/dino/lib/python3.10/site-packages/transformers/utils/hub.py:110: FutureWarning: Using `TRANSFORMERS_CACHE` is deprecated and will be removed in v5 of Transformers. Use `HF_HOME` instead.
  warnings.warn(
modelarts-job-370bef21-a30e-4505-8309-fc1c6a0498a9-worker-0:152076:152076 [0] NCCL INFO Bootstrap : Using eth0:172.16.1.54<0>
modelarts-job-370bef21-a30e-4505-8309-fc1c6a0498a9-worker-0:152076:152076 [0] NCCL INFO Plugin name set by env to libnccl-net-none.so
modelarts-job-370bef21-a30e-4505-8309-fc1c6a0498a9-worker-0:152076:152076 [0] NCCL INFO NET/Plugin : dlerror=libnccl-net-none.so: cannot open shared object file: No such file or directory No plugin found (libnccl-net-none.so), using internal implementation
modelarts-job-370bef21-a30e-4505-8309-fc1c6a0498a9-worker-0:152076:152076 [0] NCCL INFO cudaDriverVersion 12040
NCCL version 2.20.5+cuda12.4
modelarts-job-370bef21-a30e-4505-8309-fc1c6a0498a9-worker-0:152076:152318 [0] NCCL INFO NET/IB : Using [0]={[0] mlx5_0:1/RoCE, [1] mlx5_1:1/RoCE} [1]={[2] mlx5_2:1/RoCE, [3] mlx5_3:1/RoCE} [2]={[4] mlx5_4:1/RoCE, [5] mlx5_5:1/RoCE} [3]={[6] mlx5_6:1/RoCE, [7] mlx5_7:1/RoCE} [RO]; OOB eth0:172.16.1.54<0>
modelarts-job-370bef21-a30e-4505-8309-fc1c6a0498a9-worker-0:152076:152318 [0] NCCL INFO Using non-device net plugin version 0
modelarts-job-370bef21-a30e-4505-8309-fc1c6a0498a9-worker-0:152076:152318 [0] NCCL INFO Using network IB
modelarts-job-370bef21-a30e-4505-8309-fc1c6a0498a9-worker-0:152076:152318 [0] NCCL INFO comm 0x5611d231e310 rank 0 nranks 1 cudaDev 0 nvmlDev 0 busId 5e000 commId 0x3eef8bffde4ed1b7 - Init START
modelarts-job-370bef21-a30e-4505-8309-fc1c6a0498a9-worker-0:152076:152318 [0] NCCL INFO Setting affinity for GPU 0 to ffffffff,00000000,ffffffff
modelarts-job-370bef21-a30e-4505-8309-fc1c6a0498a9-worker-0:152076:152318 [0] NCCL INFO comm 0x5611d231e310 rank 0 nRanks 1 nNodes 1 localRanks 1 localRank 0 MNNVL 0
modelarts-job-370bef21-a30e-4505-8309-fc1c6a0498a9-worker-0:152076:152318 [0] NCCL INFO Channel 00/32 :    0
modelarts-job-370bef21-a30e-4505-8309-fc1c6a0498a9-worker-0:152076:152318 [0] NCCL INFO Channel 01/32 :    0
modelarts-job-370bef21-a30e-4505-8309-fc1c6a0498a9-worker-0:152076:152318 [0] NCCL INFO Channel 02/32 :    0
modelarts-job-370bef21-a30e-4505-8309-fc1c6a0498a9-worker-0:152076:152318 [0] NCCL INFO Channel 03/32 :    0
modelarts-job-370bef21-a30e-4505-8309-fc1c6a0498a9-worker-0:152076:152318 [0] NCCL INFO Channel 04/32 :    0
modelarts-job-370bef21-a30e-4505-8309-fc1c6a0498a9-worker-0:152076:152318 [0] NCCL INFO Channel 05/32 :    0
modelarts-job-370bef21-a30e-4505-8309-fc1c6a0498a9-worker-0:152076:152318 [0] NCCL INFO Channel 06/32 :    0
modelarts-job-370bef21-a30e-4505-8309-fc1c6a0498a9-worker-0:152076:152318 [0] NCCL INFO Channel 07/32 :    0
modelarts-job-370bef21-a30e-4505-8309-fc1c6a0498a9-worker-0:152076:152318 [0] NCCL INFO Channel 08/32 :    0
modelarts-job-370bef21-a30e-4505-8309-fc1c6a0498a9-worker-0:152076:152318 [0] NCCL INFO Channel 09/32 :    0
modelarts-job-370bef21-a30e-4505-8309-fc1c6a0498a9-worker-0:152076:152318 [0] NCCL INFO Channel 10/32 :    0
modelarts-job-370bef21-a30e-4505-8309-fc1c6a0498a9-worker-0:152076:152318 [0] NCCL INFO Channel 11/32 :    0
modelarts-job-370bef21-a30e-4505-8309-fc1c6a0498a9-worker-0:152076:152318 [0] NCCL INFO Channel 12/32 :    0
modelarts-job-370bef21-a30e-4505-8309-fc1c6a0498a9-worker-0:152076:152318 [0] NCCL INFO Channel 13/32 :    0
modelarts-job-370bef21-a30e-4505-8309-fc1c6a0498a9-worker-0:152076:152318 [0] NCCL INFO Channel 14/32 :    0
modelarts-job-370bef21-a30e-4505-8309-fc1c6a0498a9-worker-0:152076:152318 [0] NCCL INFO Channel 15/32 :    0
modelarts-job-370bef21-a30e-4505-8309-fc1c6a0498a9-worker-0:152076:152318 [0] NCCL INFO Channel 16/32 :    0
modelarts-job-370bef21-a30e-4505-8309-fc1c6a0498a9-worker-0:152076:152318 [0] NCCL INFO Channel 17/32 :    0
modelarts-job-370bef21-a30e-4505-8309-fc1c6a0498a9-worker-0:152076:152318 [0] NCCL INFO Channel 18/32 :    0
modelarts-job-370bef21-a30e-4505-8309-fc1c6a0498a9-worker-0:152076:152318 [0] NCCL INFO Channel 19/32 :    0
modelarts-job-370bef21-a30e-4505-8309-fc1c6a0498a9-worker-0:152076:152318 [0] NCCL INFO Channel 20/32 :    0
modelarts-job-370bef21-a30e-4505-8309-fc1c6a0498a9-worker-0:152076:152318 [0] NCCL INFO Channel 21/32 :    0
modelarts-job-370bef21-a30e-4505-8309-fc1c6a0498a9-worker-0:152076:152318 [0] NCCL INFO Channel 22/32 :    0
modelarts-job-370bef21-a30e-4505-8309-fc1c6a0498a9-worker-0:152076:152318 [0] NCCL INFO Channel 23/32 :    0
modelarts-job-370bef21-a30e-4505-8309-fc1c6a0498a9-worker-0:152076:152318 [0] NCCL INFO Channel 24/32 :    0
modelarts-job-370bef21-a30e-4505-8309-fc1c6a0498a9-worker-0:152076:152318 [0] NCCL INFO Channel 25/32 :    0
modelarts-job-370bef21-a30e-4505-8309-fc1c6a0498a9-worker-0:152076:152318 [0] NCCL INFO Channel 26/32 :    0
modelarts-job-370bef21-a30e-4505-8309-fc1c6a0498a9-worker-0:152076:152318 [0] NCCL INFO Channel 27/32 :    0
modelarts-job-370bef21-a30e-4505-8309-fc1c6a0498a9-worker-0:152076:152318 [0] NCCL INFO Channel 28/32 :    0
modelarts-job-370bef21-a30e-4505-8309-fc1c6a0498a9-worker-0:152076:152318 [0] NCCL INFO Channel 29/32 :    0
modelarts-job-370bef21-a30e-4505-8309-fc1c6a0498a9-worker-0:152076:152318 [0] NCCL INFO Channel 30/32 :    0
modelarts-job-370bef21-a30e-4505-8309-fc1c6a0498a9-worker-0:152076:152318 [0] NCCL INFO Channel 31/32 :    0
modelarts-job-370bef21-a30e-4505-8309-fc1c6a0498a9-worker-0:152076:152318 [0] NCCL INFO Trees [0] -1/-1/-1->0->-1 [1] -1/-1/-1->0->-1 [2] -1/-1/-1->0->-1 [3] -1/-1/-1->0->-1 [4] -1/-1/-1->0->-1 [5] -1/-1/-1->0->-1 [6] -1/-1/-1->0->-1 [7] -1/-1/-1->0->-1 [8] -1/-1/-1->0->-1 [9] -1/-1/-1->0->-1 [10] -1/-1/-1->0->-1 [11] -1/-1/-1->0->-1 [12] -1/-1/-1->0->-1 [13] -1/-1/-1->0->-1 [14] -1/-1/-1->0->-1 [15] -1/-1/-1->0->-1 [16] -1/-1/-1->0->-1 [17] -1/-1/-1->0->-1 [18] -1/-1/-1->0->-1 [19] -1/-1/-1->0->-1 [20] -1/-1/-1->0->-1 [21] -1/-1/-1->0->-1 [22] -1/-1/-1->0->-1 [23] -1/-1/-1->0->-1 [24] -1/-1/-1->0->-1 [25] -1/-1/-1->0->-1 [26] -1/-1/-1->0->-1 [27] -1/-1/-1->0->-1 [28] -1/-1/-1->0->-1 [29] -1/-1/-1->0->-1 [30] -1/-1/-1->0->-1 [31] -1/-1/-1->0->-1
modelarts-job-370bef21-a30e-4505-8309-fc1c6a0498a9-worker-0:152076:152318 [0] NCCL INFO P2P Chunksize set to 131072
modelarts-job-370bef21-a30e-4505-8309-fc1c6a0498a9-worker-0:152076:152318 [0] NCCL INFO Connected all rings
modelarts-job-370bef21-a30e-4505-8309-fc1c6a0498a9-worker-0:152076:152318 [0] NCCL INFO Connected all trees
modelarts-job-370bef21-a30e-4505-8309-fc1c6a0498a9-worker-0:152076:152318 [0] NCCL INFO 32 coll channels, 0 collnet channels, 0 nvls channels, 32 p2p channels, 32 p2p channels per peer
modelarts-job-370bef21-a30e-4505-8309-fc1c6a0498a9-worker-0:152076:152318 [0] NCCL INFO comm 0x5611d231e310 rank 0 nranks 1 cudaDev 0 nvmlDev 0 busId 5e000 commId 0x3eef8bffde4ed1b7 - Init COMPLETE
`torch_dtype` is deprecated! Use `dtype` instead!
Using a slow image processor as `use_fast` is unset and a slow processor was saved with this model. `use_fast=True` will be the default behavior in v4.52, even if the model was saved with a slow processor. This will result in minor differences in outputs. You'll still be able to use a slow processor with `use_fast=False`.
I20260912 15:55:31 152076 dinov2 loaders.py:96] using dataset: "ImageNet:split=TRAIN:root=/cache/ma-user/VTBenchLab/data/imagenet1k:extra=/cache/ma-user/VTBenchLab/data/imagenet1k/extra"
I20260912 15:55:31 152076 dinov2 loaders.py:101] # of dataset samples: 1,281,167
I20260912 15:55:31 152076 dinov2 loaders.py:96] using dataset: "ImageNet:split=VAL:root=/cache/ma-user/VTBenchLab/data/imagenet1k:extra=/cache/ma-user/VTBenchLab/data/imagenet1k/extra"
I20260912 15:55:31 152076 dinov2 loaders.py:101] # of dataset samples: 50,000
I20260912 15:55:32 152076 dinov2 linear_probe.py:877] Protocol: {"backbone_precision": "bfloat16 weights and autocast", "base_learning_rates": [0.0001, 0.0002, 0.0005, 0.001, 0.002, 0.005, 0.01, 0.02, 0.05, 0.1, 0.2, 0.3, 0.5], "batch_norm_affine": false, "batch_norm_applied_after_feature_microbatch_concatenation": true, "batch_norm_eps": 1e-06, "batch_norm_fixed_scale": 1.0, "batch_norm_fixed_shift": 0.0, "batch_norm_momentum": 0.1, "batch_norm_track_running_stats": true, "batch_norm_training_batch_size": 1000, "bias": true, "budget_scope": "5,000 frozen-tokenizer training forwards; official validation forwards are reported separately", "checkpoint_paths": ["/cache/ma-user/VTBenchLab/TokBench/tokenizer_modelzoo/continuous/webssl-mae300m-full2b-224/model.safetensors", "/cache/ma-user/VTBenchLab/TokBench/tokenizer_modelzoo/continuous/webssl-mae300m-full2b-224/config.json", "/cache/ma-user/VTBenchLab/TokBench/tokenizer_modelzoo/continuous/webssl-mae300m-full2b-224/preprocessor_config.json"], "cuda_matmul_tf32": true, "cudnn_tf32": true, "dataset": "ImageNet-1k", "effective_learning_rates": [0.000390625, 0.00078125, 0.001953125, 0.00390625, 0.0078125, 0.01953125, 0.0390625, 0.078125, 0.1953125, 0.390625, 0.78125, 1.171875, 1.953125], "epoch_length_updates": 5, "epochs": 1, "eval_period_updates": 5, "feature_extraction_microbatch_size": 128, "feature_microbatch_semantics": "frozen backbone only; concatenate one FP32 [global_batch,D] tensor before linear heads", "feature_normalization": true, "feature_normalization_placement": "immediately before each linear classifier", "feature_normalization_type": "BatchNorm1d", "fingerprint": "6eee3882777ca594ec3357b4025d2541307cdd98d7089d4af27db7da5e1f293a", "global_batch_size": 1000, "gradient_accumulation_steps": 1, "head_bias_init": 0.0, "head_weight_init": "normal(mean=0,std=0.01)", "linear_head_precision": "float32", "loss": "cross_entropy", "lr_scaling": "effective_lr = base_lr * global_batch_size / 256", "lr_schedule": "cosine_to_zero", "max_updates": 5, "model": "webssl_mae300m_full2b_224", "model_rank": 69, "momentum": 0.9, "multi_block_search": false, "num_classes": 1000, "official_train_samples": 1281167, "optimizer": "SGD", "probe_head": "BatchNorm1d(affine=False)->Linear", "probe_head_source": "scripts/linear_probe_tokenizers_bn/linear_probe.py", "readout_search": false, "representation": "final normalized Web-MAE encoder CLS token", "samples_drawn_per_epoch": 5000, "seed": 0, "shots_per_class": 5, "single_gpu": true, "support_indices_sha256": "681151991440c47050719cb1908502ca841f995f0965577403e9f163a99abf8f", "support_seed": 0, "train_samples": 5000, "train_sampling": "exactly 5 distinct images per class without replacement", "train_split": "fixed class-balanced subset of official train", "transform": "train=RandomResizedCrop(224)+HorizontalFlip(0.5), eval=Resize(224)+CenterCrop(224), mean=(0.485, 0.456, 0.406), std=(0.229, 0.224, 0.225)", "validation_batch_size": 1024, "validation_feature_extraction_microbatch_size": 128, "validation_samples": 50000, "validation_split": "official ImageNet-1k validation (50,000 images)", "version": "tokenizer_linear_probe_imagenet_5shot_1epoch_v1", "vision_encoder": "webssl_mae300m_full2b_224", "warmup_updates": 0, "weight_decay": 0.0}
I20260912 15:55:32 152076 dinov2 linear_probe.py:878] Feature dimension=1024; heads=13
I20260912 15:55:32 152076 fvcore.common.checkpoint checkpoint.py:148] No checkpoint found. Initializing model from scratch
I20260912 15:55:32 152076 dinov2 loaders.py:134] sampler: sharded infinite
I20260912 15:55:32 152076 dinov2 loaders.py:218] using PyTorch data loader
I20260912 15:55:32 152076 dinov2 loaders.py:233] infinite data loader
I20260912 15:55:32 152076 dinov2 loaders.py:159] sampler: distributed
I20260912 15:55:32 152076 dinov2 loaders.py:218] using PyTorch data loader
I20260912 15:55:32 152076 dinov2 loaders.py:231] # of batches: 49
I20260912 15:55:32 152076 dinov2 linear_probe.py:924] Starting webssl_mae300m_full2b_224 from update 0/5 with requested cutoff epoch=1 (5 updates), optimization global batch 1000, and frozen-backbone feature microbatch 128 (validation 128)
I20260912 15:55:41 152076 dinov2 helpers.py:102] Training  [0/5]  eta: 0:00:40  loss: 90.5582 (90.5582)  lr: 0.0004 (0.0004)  time: 8.161263  data: 6.381814  max mem: 1646
I20260912 15:55:45 152076 dinov2 helpers.py:102] Training  [4/5]  eta: 0:00:02  loss: 90.5582 (90.5582)  lr: 0.0004 (0.0004)  time: 2.456716  data: 1.347769  max mem: 1755
I20260912 15:55:45 152076 dinov2 helpers.py:130] Training Total time: 0:00:12 (2.457037 s / it)
I20260912 15:55:48 152076 dinov2 linear_probe.py:1015] Released training batches and DataLoader workers before cutoff validation
I20260912 15:55:48 152076 fvcore.common.checkpoint checkpoint.py:124] Saving checkpoint to /cache/ma-user/VTBenchLab/outputs/vae_linear_probing_match_budget_5shot/webssl_mae300m_full2b_224_cls/model_final.pth
I20260912 15:56:17 152076 dinov2 helpers.py:102] Test:  [ 0/49]  eta: 0:23:43    time: 29.054800  data: 28.080971  max mem: 2219
I20260912 16:00:43 152076 dinov2 helpers.py:102] Test:  [10/49]  eta: 0:17:23    time: 26.757296  data: 25.794792  max mem: 2228
I20260912 16:04:59 152076 dinov2 helpers.py:102] Test:  [20/49]  eta: 0:12:39    time: 26.062475  data: 25.107834  max mem: 2228
I20260912 16:09:19 152076 dinov2 helpers.py:102] Test:  [30/49]  eta: 0:08:17    time: 25.838306  data: 24.889696  max mem: 2228
I20260912 16:13:41 152076 dinov2 helpers.py:102] Test:  [40/49]  eta: 0:03:55    time: 26.124262  data: 25.177420  max mem: 2228
I20260912 16:17:06 152076 dinov2 helpers.py:102] Test:  [48/49]  eta: 0:00:26    time: 25.922644  data: 24.983191  max mem: 2228
I20260912 16:17:06 152076 dinov2 helpers.py:130] Test: Total time: 0:21:17 (26.068443 s / it)
I20260912 16:17:06 152076 dinov2 utils.py:83] Averaged stats: 
I20260912 16:17:06 152076 dinov2 linear_probe.py:799] Validation at update 5: best={'name': 'classifier_fixed_readout_lr_1_953125', 'accuracy': 0.0035000001080334187, 'top5_accuracy': 0.011880000121891499, 'base_lr': 0.5, 'configured_lr': 0.5, 'effective_lr': 1.953125, 'lr_boundary': 'high', 'readout': 'fixed_preselected_representation'}
I20260912 16:17:06 152076 dinov2 linear_probe.py:1049] Final result: {'name': 'classifier_fixed_readout_lr_1_953125', 'accuracy': 0.0035000001080334187, 'top5_accuracy': 0.011880000121891499, 'base_lr': 0.5, 'configured_lr': 0.5, 'effective_lr': 1.953125, 'lr_boundary': 'high', 'readout': 'fixed_preselected_representation'}
>> all requested 5-shot probes completed
