n=79 families=18

readout           rho_all rho_1fam     LOFO   regret
probe_epoch1       +0.731   +0.360   +0.620     4.93  (n=79)
mAP_dom            +0.762   +0.515   +0.594     5.15  (n=79)
mAP_obj80          +0.838   +0.619   +0.736     2.60  (n=79)
mAP_small          +0.829   +0.666   +0.738     1.91  (n=79)
mAP_word           +0.806   +0.615   +0.698     2.33  (n=79)
mAP_word_head      +0.783   +0.696   +0.678     1.88  (n=79)
mAP_word_tail      +0.810   +0.598   +0.717     2.64  (n=79)
r2_raw             +0.746   +0.577   +0.613     2.48  (n=79)
A_score            +0.932        -   +0.925        -  (n=68)

combinations (LOFO rho):
  probe_epoch1                                  +0.620
  mAP_word_head                                 +0.678
  mAP_small                                     +0.738
  probe_epoch1+mAP_word_head                    +0.766
  probe_epoch1+mAP_small                        +0.786
  mAP_word_head+mAP_small                       +0.670
  probe_epoch1+r2_raw                           +0.734
  probe_epoch1+mAP_word_head+r2_raw             +0.762
  mAP_obj80+mAP_small+mAP_word_head             +0.673
  probe_epoch1+A_score                          +0.940

top-25% GT subset:
  probe_epoch1     rho=+0.216 (n=20)
  mAP_dom          rho=+0.651 (n=20)
  mAP_obj80        rho=+0.812 (n=20)
  mAP_small        rho=+0.588 (n=20)
  mAP_word         rho=+0.755 (n=20)
  mAP_word_head    rho=+0.695 (n=20)
  mAP_word_tail    rho=+0.641 (n=20)
  r2_raw           rho=+0.520 (n=20)
  A_score          rho=+0.441 (n=20)

family means:
             n     res   probe    mllm    dom  obj80  small   head   tail
family                                                                   
dino         4 -11.842  75.802  31.635  0.541  0.532  0.243  0.344  0.221
raev2        1 -11.376  83.230  36.260  0.809  0.765  0.326  0.429  0.331
dinov3       1 -10.829  83.360  36.880  0.813  0.769  0.326  0.426  0.331
ijepa        1  -6.498  74.910  36.480  0.675  0.612  0.282  0.391  0.277
dinov2       4  -5.274  82.400  41.898  0.774  0.734  0.323  0.424  0.321
vilau        1  -3.903  77.510  40.530  0.087  0.127  0.073  0.145  0.060
eupe         6  -2.369  73.532  39.837  0.769  0.734  0.321  0.452  0.328
unitok       1  -2.253  78.080  42.500  0.734  0.738  0.331  0.437  0.326
mc1          9   0.065  79.793  45.777  0.747  0.717  0.316  0.424  0.313
mc2         15   0.562  77.815  45.166  0.726  0.687  0.296  0.405  0.299
toklip       2   0.652  72.670  42.375  0.752  0.747  0.321  0.445  0.329
pixio        4   0.747  72.308  42.268  0.743  0.686  0.324  0.427  0.306
pe_core      5   0.910  78.726  46.024  0.728  0.710  0.309  0.435  0.312
webssl_mae   5   2.335  55.086  34.212  0.539  0.528  0.254  0.347  0.220
clip         1   2.538  82.490  49.760  0.781  0.754  0.321  0.430  0.316
siglip2     15   3.272  84.549  51.647  0.797  0.792  0.349  0.459  0.347
uniar        1   6.583  59.390  40.870  0.662  0.728  0.285  0.355  0.276
pe_lang      3   9.937  75.467  53.227  0.814  0.823  0.376  0.472  0.354
